Component: ARM Compiler 5.05 (build 41) Tool: armlink [4d0eb9]

==============================================================================

Section Cross References

    adc.o(i.HAL_ADC_MspDeInit) refers to stm32l0xx_hal_gpio.o(i.HAL_GPIO_DeInit) for HAL_GPIO_DeInit
    adc.o(i.HAL_ADC_MspDeInit) refers to stm32l0xx_hal_dma.o(i.HAL_DMA_DeInit) for HAL_DMA_DeInit
    adc.o(i.HAL_ADC_MspInit) refers to stm32l0xx_hal_gpio.o(i.HAL_GPIO_Init) for HAL_GPIO_Init
    adc.o(i.HAL_ADC_MspInit) refers to stm32l0xx_hal_dma.o(i.HAL_DMA_Init) for HAL_DMA_Init
    adc.o(i.HAL_ADC_MspInit) refers to main.o(i.Error_Handler) for Error_Handler
    adc.o(i.HAL_ADC_MspInit) refers to adc.o(.bss) for hdma_adc
    adc.o(i.MX_ADC_Init) refers to stm32l0xx_hal_adc.o(i.HAL_ADC_Init) for HAL_ADC_Init
    adc.o(i.MX_ADC_Init) refers to main.o(i.Error_Handler) for Error_Handler
    adc.o(i.MX_ADC_Init) refers to stm32l0xx_hal_adc.o(i.HAL_ADC_ConfigChannel) for HAL_ADC_ConfigChannel
    adc.o(i.MX_ADC_Init) refers to adc.o(.bss) for hadc
    freertos.o(i.MX_FREERTOS_Init) refers to memcpya.o(.text) for __aeabi_memcpy4
    freertos.o(i.MX_FREERTOS_Init) refers to cmsis_os.o(i.osThreadCreate) for osThreadCreate
    freertos.o(i.MX_FREERTOS_Init) refers to freertos.o(.constdata) for .constdata
    freertos.o(i.MX_FREERTOS_Init) refers to freertos.o(.data) for defaultTaskHandle
    freertos.o(i.StartDefaultTask) refers to cmsis_os.o(i.osDelay) for osDelay
    freertos.o(.constdata) refers to freertos.o(.conststring) for .conststring
    freertos.o(.constdata) refers to freertos.o(i.StartDefaultTask) for StartDefaultTask
    usart.o(i.HAL_UART_MspDeInit) refers to stm32l0xx_hal_gpio.o(i.HAL_GPIO_DeInit) for HAL_GPIO_DeInit
    usart.o(i.HAL_UART_MspDeInit) refers to stm32l0xx_hal_cortex.o(i.HAL_NVIC_DisableIRQ) for HAL_NVIC_DisableIRQ
    usart.o(i.HAL_UART_MspInit) refers to stm32l0xx_hal_gpio.o(i.HAL_GPIO_Init) for HAL_GPIO_Init
    usart.o(i.HAL_UART_MspInit) refers to stm32l0xx_hal_cortex.o(i.HAL_NVIC_SetPriority) for HAL_NVIC_SetPriority
    usart.o(i.HAL_UART_MspInit) refers to stm32l0xx_hal_cortex.o(i.HAL_NVIC_EnableIRQ) for HAL_NVIC_EnableIRQ
    usart.o(i.MX_USART1_UART_Init) refers to stm32l0xx_hal_uart.o(i.HAL_UART_Init) for HAL_UART_Init
    usart.o(i.MX_USART1_UART_Init) refers to main.o(i.Error_Handler) for Error_Handler
    usart.o(i.MX_USART1_UART_Init) refers to usart.o(.bss) for huart1
    usart.o(i.MX_USART2_UART_Init) refers to stm32l0xx_hal_uart.o(i.HAL_UART_Init) for HAL_UART_Init
    usart.o(i.MX_USART2_UART_Init) refers to main.o(i.Error_Handler) for Error_Handler
    usart.o(i.MX_USART2_UART_Init) refers to usart.o(.bss) for huart2
    usart.o(i.MX_USART4_UART_Init) refers to stm32l0xx_hal_uart.o(i.HAL_UART_Init) for HAL_UART_Init
    usart.o(i.MX_USART4_UART_Init) refers to main.o(i.Error_Handler) for Error_Handler
    usart.o(i.MX_USART4_UART_Init) refers to usart.o(.bss) for huart4
    usart.o(i.MX_USART5_UART_Init) refers to stm32l0xx_hal_uart.o(i.HAL_UART_Init) for HAL_UART_Init
    usart.o(i.MX_USART5_UART_Init) refers to main.o(i.Error_Handler) for Error_Handler
    usart.o(i.MX_USART5_UART_Init) refers to usart.o(.bss) for huart5
    usart.o(i.fgetc) refers to stm32l0xx_hal_uart.o(i.HAL_UART_Receive) for HAL_UART_Receive
    usart.o(i.fgetc) refers to usart.o(.bss) for huart4
    usart.o(i.fputc) refers to usart.o(i.STM32L071xx_UART_Transmit) for STM32L071xx_UART_Transmit
    usart.o(i.fputc) refers to usart.o(.bss) for huart4
    stm32l0xx_hal_msp.o(i.HAL_MspInit) refers to stm32l0xx_hal_cortex.o(i.HAL_NVIC_SetPriority) for HAL_NVIC_SetPriority
    stm32l0xx_hal_timebase_tim.o(i.HAL_InitTick) refers to stm32l0xx_hal_cortex.o(i.HAL_NVIC_SetPriority) for HAL_NVIC_SetPriority
    stm32l0xx_hal_timebase_tim.o(i.HAL_InitTick) refers to stm32l0xx_hal_cortex.o(i.HAL_NVIC_EnableIRQ) for HAL_NVIC_EnableIRQ
    stm32l0xx_hal_timebase_tim.o(i.HAL_InitTick) refers to stm32l0xx_hal_rcc.o(i.HAL_RCC_GetClockConfig) for HAL_RCC_GetClockConfig
    stm32l0xx_hal_timebase_tim.o(i.HAL_InitTick) refers to stm32l0xx_hal_rcc.o(i.HAL_RCC_GetPCLK1Freq) for HAL_RCC_GetPCLK1Freq
    stm32l0xx_hal_timebase_tim.o(i.HAL_InitTick) refers to uidiv.o(.text) for __aeabi_uidivmod
    stm32l0xx_hal_timebase_tim.o(i.HAL_InitTick) refers to stm32l0xx_hal_tim.o(i.HAL_TIM_Base_Init) for HAL_TIM_Base_Init
    stm32l0xx_hal_timebase_tim.o(i.HAL_InitTick) refers to stm32l0xx_hal_tim.o(i.HAL_TIM_Base_Start_IT) for HAL_TIM_Base_Start_IT
    stm32l0xx_hal_timebase_tim.o(i.HAL_InitTick) refers to stm32l0xx_hal_timebase_tim.o(.bss) for htim2
    stm32l0xx_hal_timebase_tim.o(i.HAL_ResumeTick) refers to stm32l0xx_hal_timebase_tim.o(.bss) for htim2
    stm32l0xx_hal_timebase_tim.o(i.HAL_SuspendTick) refers to stm32l0xx_hal_timebase_tim.o(.bss) for htim2
    stm32l0xx_it.o(i.DMA1_Channel1_IRQHandler) refers to stm32l0xx_hal_dma.o(i.HAL_DMA_IRQHandler) for HAL_DMA_IRQHandler
    stm32l0xx_it.o(i.DMA1_Channel1_IRQHandler) refers to adc.o(.bss) for hdma_adc
[...]
    i.HAL_RTC_AlarmAEventCallback            0x08002a8e   Section        0  main.o(i.HAL_RTC_AlarmAEventCallback)
    i.HAL_RTC_AlarmIRQHandler                0x08002a90   Section        0  stm32l0xx_hal_rtc.o(i.HAL_RTC_AlarmIRQHandler)
    i.HAL_RTC_GetDate                        0x08002b18   Section        0  stm32l0xx_hal_rtc.o(i.HAL_RTC_GetDate)
    i.HAL_RTC_GetTime                        0x08002b74   Section        0  stm32l0xx_hal_rtc.o(i.HAL_RTC_GetTime)
    i.HAL_RTC_Init                           0x08002be0   Section        0  stm32l0xx_hal_rtc.o(i.HAL_RTC_Init)
    i.HAL_RTC_MspInit                        0x08002ca8   Section        0  rtc.o(i.HAL_RTC_MspInit)
    i.HAL_RTC_SetAlarm_IT                    0x08002cdc   Section        0  stm32l0xx_hal_rtc.o(i.HAL_RTC_SetAlarm_IT)
    i.HAL_RTC_SetDate                        0x08002f38   Section        0  stm32l0xx_hal_rtc.o(i.HAL_RTC_SetDate)
    i.HAL_RTC_SetTime                        0x08003068   Section        0  stm32l0xx_hal_rtc.o(i.HAL_RTC_SetTime)
    i.HAL_RTC_WaitForSynchro                 0x080031bc   Section        0  stm32l0xx_hal_rtc.o(i.HAL_RTC_WaitForSynchro)
    i.HAL_SYSTICK_CLKSourceConfig            0x080031f8   Section        0  stm32l0xx_hal_cortex.o(i.HAL_SYSTICK_CLKSourceConfig)
    i.HAL_SYSTICK_Config                     0x0800321c   Section        0  stm32l0xx_hal_cortex.o(i.HAL_SYSTICK_Config)
    i.HAL_TIM_Base_Init                      0x08003254   Section        0  stm32l0xx_hal_tim.o(i.HAL_TIM_Base_Init)
    i.HAL_TIM_Base_MspInit                   0x0800328c   Section        0  stm32l0xx_hal_tim.o(i.HAL_TIM_Base_MspInit)
    i.HAL_TIM_Base_Start_IT                  0x0800328e   Section        0  stm32l0xx_hal_tim.o(i.HAL_TIM_Base_Start_IT)
    i.HAL_TIM_IC_CaptureCallback             0x080032ac   Section        0  stm32l0xx_hal_tim.o(i.HAL_TIM_IC_CaptureCallback)
    i.HAL_TIM_IRQHandler                     0x080032ae   Section        0  stm32l0xx_hal_tim.o(i.HAL_TIM_IRQHandler)
    i.HAL_TIM_OC_DelayElapsedCallback        0x0800342a   Section        0  stm32l0xx_hal_tim.o(i.HAL_TIM_OC_DelayElapsedCallback)
    i.HAL_TIM_PWM_PulseFinishedCallback      0x0800342c   Section        0  stm32l0xx_hal_tim.o(i.HAL_TIM_PWM_PulseFinishedCallback)
    i.HAL_TIM_PeriodElapsedCallback          0x0800342e   Section        0  main.o(i.HAL_TIM_PeriodElapsedCallback)
    i.HAL_TIM_TriggerCallback                0x08003442   Section        0  stm32l0xx_hal_tim.o(i.HAL_TIM_TriggerCallback)
    i.HAL_UARTEx_WakeupCallback              0x08003444   Section        0  stm32l0xx_hal_uart_ex.o(i.HAL_UARTEx_WakeupCallback)
    i.HAL_UART_ErrorCallback                 0x08003446   Section        0  stm32l0xx_hal_uart.o(i.HAL_UART_ErrorCallback)
    i.HAL_UART_IRQHandler                    0x08003448   Section        0  stm32l0xx_hal_uart.o(i.HAL_UART_IRQHandler)
    i.HAL_UART_Init                          0x080035aa   Section        0  stm32l0xx_hal_uart.o(i.HAL_UART_Init)
    i.HAL_UART_MspInit                       0x08003628   Section        0  usart.o(i.HAL_UART_MspInit)
    i.HAL_UART_RxCpltCallback                0x08003780   Section        0  stm32l0xx_hal_uart.o(i.HAL_UART_RxCpltCallback)
    i.HAL_UART_TxCpltCallback                0x08003782   Section        0  stm32l0xx_hal_uart.o(i.HAL_UART_TxCpltCallback)
    i.HardFault_Handler                      0x08003784   Section        0  stm32l0xx_it.o(i.HardFault_Handler)
    i.LoRa_WaitOnCFGResultUntilTimeout       0x08003788   Section        0  data_task.o(i.LoRa_WaitOnCFGResultUntilTimeout)
    i.LoRa_WaitOnFlagUntilTimeout            0x080037b4   Section        0  data_task.o(i.LoRa_WaitOnFlagUntilTimeout)
    i.LoRa_WaitOnSlaveReplayFlagUntilTimeout 0x080037dc   Section        0  data_task.o(i.LoRa_WaitOnSlaveReplayFlagUntilTimeout)
    i.LoraModuleMultipConfig                 0x08003804   Section        0  data_task.o(i.LoraModuleMultipConfig)
    i.LoraModuleReset                        0x08003d8c   Section        0  lora_task.o(i.LoraModuleReset)
    i.LoraModuleSingleConfig                 0x08003db0   Section        0  data_task.o(i.LoraModuleSingleConfig)
    i.LoraRecvOneData                        0x08003e70   Section        0  lora_task.o(i.LoraRecvOneData)
    i.LoraWriteIndexClearZero                0x08003e9c   Section        0  lora_task.o(i.LoraWriteIndexClearZero)
    i.MX_ADC_Init                            0x08003ea8   Section        0  adc.o(i.MX_ADC_Init)
    i.MX_DMA_Init                            0x08003f38   Section        0  dma.o(i.MX_DMA_Init)
    i.MX_GPIO_Init                           0x08003f6c   Section        0  gpio.o(i.MX_GPIO_Init)
    i.MX_RTC_Init                            0x0800406c   Section        0  rtc.o(i.MX_RTC_Init)
    i.MX_USART1_UART_Init                    0x08004128   Section        0  usart.o(i.MX_USART1_UART_Init)
    i.MX_USART2_UART_Init                    0x08004170   Section        0  usart.o(i.MX_USART2_UART_Init)
    i.MX_USART4_UART_Init                    0x080041b4   Section        0  usart.o(i.MX_USART4_UART_Init)
    i.MX_USART5_UART_Init                    0x080041f8   Section        0  usart.o(i.MX_USART5_UART_Init)
    i.NMI_Handler                            0x0800423c   Section        0  stm32l0xx_it.o(i.NMI_Handler)
    i.NVIC_SetPriority                       0x08004240   Section        0  stm32l0xx_hal_cortex.o(i.NVIC_SetPriority)
    NVIC_SetPriority                         0x08004241   Thumb Code   110  stm32l0xx_hal_cortex.o(i.NVIC_SetPriority)
    i.PostDataProcessMsg                     0x080042b8   Section        0  data_task.o(i.PostDataProcessMsg)
    i.PostUartWriteMsg                       0x0800433c   Section        0  write_task.o(i.PostUartWriteMsg)
    i.RTC_Bcd2ToByte                         0x080043c0   Section        0  stm32l0xx_hal_rtc.o(i.RTC_Bcd2ToByte)
    i.RTC_ByteToBcd2                         0x080043da   Section        0  stm32l0xx_hal_rtc.o(i.RTC_ByteToBcd2)
    i.RTC_EnterInitMode                      0x080043f4   Section        0  stm32l0xx_hal_rtc.o(i.RTC_EnterInitMode)
    i.RTC_IRQHandler                         0x08004438   Section        0  stm32l0xx_it.o(i.RTC_IRQHandler)
    i.RegisterMessage                        0x08004448   Section        0  main.o(i.RegisterMessage)
    RegisterMessage                          0x08004449   Thumb Code    50  main.o(i.RegisterMessage)
    i.RegisterTaskMessages                   0x08004480   Section        0  main.o(i.RegisterTaskMessages)
    RegisterTaskMessages                     0x08004481   Thumb Code    58  main.o(i.RegisterTaskMessages)
    i.Rs232RecvOneData                       0x080044bc   Section        0  rs232_task.o(i.Rs232RecvOneData)
    i.Rs232RecvPTLData                       0x080044e8   Section        0  rs232_task.o(i.Rs232RecvPTLData)
    i.Rs232WriteIndexClearZero               0x080045a4   Section        0  rs232_task.o(i.Rs232WriteIndexClearZero)
    i.Rs485WriteIndexClearZero               0x080045b0   Section        0  rs485_task.o(i.Rs485WriteIndexClearZero)
    i.STM32L071xx_UART_RxITEnable            0x080045bc   Section        0  usart.o(i.STM32L071xx_UART_RxITEnable)
    i.STM32L071xx_UART_Transmit              0x080045f8   Section        0  usart.o(i.STM32L071xx_UART_Transmit)
    i.SVC_Handler                            0x08004658   Section        0  port.o(i.SVC_Handler)
    i.SetRTCAlarmSeconds                     0x0800465c   Section        0  rtc.o(i.SetRTCAlarmSeconds)
    i.SysTick_Handler                        0x08004864   Section        0  stm32l0xx_it.o(i.SysTick_Handler)
    i.SystemClock_Config                     0x0800486c   Section        0  main.o(i.SystemClock_Config)
    i.SystemClock_StopMode                   0x08004920   Section        0  main.o(i.SystemClock_StopMode)
    i.SystemInit                             0x080049d4   Section        0  system_stm32l0xx.o(i.SystemInit)
    i.TIM2_IRQHandler                        0x08004a3c   Section        0  stm32l0xx_it.o(i.TIM2_IRQHandler)
    i.TIM_Base_SetConfig                     0x08004a4c   Section        0  stm32l0xx_hal_tim.o(i.TIM_Base_SetConfig)
    TIM_Base_SetConfig                       0x08004a4d   Thumb Code   120  stm32l0xx_hal_tim.o(i.TIM_Base_SetConfig)
    i.UART_AdvFeatureConfig                  0x08004ad0   Section        0  stm32l0xx_hal_uart.o(i.UART_AdvFeatureConfig)
    i.UART_CheckIdleState                    0x08004bc0   Section        0  stm32l0xx_hal_uart.o(i.UART_CheckIdleState)
    i.UART_EndTransmit_IT                    0x08004c24   Section        0  stm32l0xx_hal_uart.o(i.UART_EndTransmit_IT)
    UART_EndTransmit_IT                      0x08004c25   Thumb Code    32  stm32l0xx_hal_uart.o(i.UART_EndTransmit_IT)
    i.UART_Receive_IT                        0x08004c44   Section        0  stm32l0xx_hal_uart.o(i.UART_Receive_IT)
    UART_Receive_IT                          0x08004c45   Thumb Code   168  stm32l0xx_hal_uart.o(i.UART_Receive_IT)
    i.UART_SetConfig                         0x08004cec   Section        0  stm32l0xx_hal_uart.o(i.UART_SetConfig)
    i.UART_Transmit_IT                       0x080051bc   Section        0  stm32l0xx_hal_uart.o(i.UART_Transmit_IT)
    UART_Transmit_IT                         0x080051bd   Thumb Code   114  stm32l0xx_hal_uart.o(i.UART_Transmit_IT)
    i.UART_WaitOnFlagUntilTimeout            0x0800522e   Section        0  stm32l0xx_hal_uart.o(i.UART_WaitOnFlagUntilTimeout)
    i.USART1_IRQHandler                      0x08005338   Section        0  stm32l0xx_it.o(i.USART1_IRQHandler)
    i.USART2_IRQHandler                      0x08005348   Section        0  stm32l0xx_it.o(i.USART2_IRQHandler)
    i.USART4_5_IRQHandler                    0x0800537c   Section        0  stm32l0xx_it.o(i.USART4_5_IRQHandler)
    i.UpgradeLoraConfig                      0x080053ec   Section        0  data_task.o(i.UpgradeLoraConfig)
    i.__0printf$6                            0x08005b58   Section        0  printf6.o(i.__0printf$6)
    i.__0sprintf$6                           0x08005b78   Section        0  printf6.o(i.__0sprintf$6)
    i.__ARM_clz                              0x08005ba0   Section        0  depilogue.o(i.__ARM_clz)
    i.__ARM_common_switch8                   0x08005bce   Section        0  lora_task.o(i.__ARM_common_switch8)
    i.__scatterload_copy                     0x08005bea   Section       14  handlers.o(i.__scatterload_copy)
    i.__scatterload_null                     0x08005bf8   Section        2  handlers.o(i.__scatterload_null)
    i.__scatterload_zeroinit                 0x08005bfa   Section       14  handlers.o(i.__scatterload_zeroinit)
    i._printf_core                           0x08005c08   Section        0  printf6.o(i._printf_core)
    _printf_core                             0x08005c09   Thumb Code   768  printf6.o(i._printf_core)
    i._printf_post_padding                   0x08005f0c   Section        0  printf6.o(i._printf_post_padding)
    _printf_post_padding                     0x08005f0d   Thumb Code    32  printf6.o(i._printf_post_padding)
    i._printf_pre_padding                    0x08005f2c   Section        0  printf6.o(i._printf_pre_padding)
    _printf_pre_padding                      0x08005f2d   Thumb Code    44  printf6.o(i._printf_pre_padding)
    i._sputc                                 0x08005f58   Section        0  printf6.o(i._sputc)
    _sputc                                   0x08005f59   Thumb Code    10  printf6.o(i._sputc)
    i.fputc                                  0x08005f64   Section        0  usart.o(i.fputc)
    i.main                                   0x08005f7c   Section        0  main.o(i.main)
    i.osKernelStart                          0x08006040   Section        0  cmsis_os.o(i.osKernelStart)
    i.osSystickHandler                       0x0800604a   Section        0  cmsis_os.o(i.osSystickHandler)
    i.prvAddCurrentTaskToDelayedList         0x0800605c   Section        0  tasks.o(i.prvAddCurrentTaskToDelayedList)
    prvAddCurrentTaskToDelayedList           0x0800605d   Thumb Code    62  tasks.o(i.prvAddCurrentTaskToDelayedList)
    i.prvAllocateTCBAndStack                 0x080060b0   Section        0  tasks.o(i.prvAllocateTCBAndStack)
    prvAllocateTCBAndStack                   0x080060b1   Thumb Code    70  tasks.o(i.prvAllocateTCBAndStack)
    i.prvCheckTasksWaitingTermination        0x080060f8   Section        0  tasks.o(i.prvCheckTasksWaitingTermination)
    prvCheckTasksWaitingTermination          0x080060f9   Thumb Code    90  tasks.o(i.prvCheckTasksWaitingTermination)
    i.prvCopyDataFromQueue                   0x08006160   Section        0  queue.o(i.prvCopyDataFromQueue)
    prvCopyDataFromQueue                     0x08006161   Thumb Code    44  queue.o(i.prvCopyDataFromQueue)
    i.prvCopyDataToQueue                     0x0800618c   Section        0  queue.o(i.prvCopyDataToQueue)
    prvCopyDataToQueue                       0x0800618d   Thumb Code   132  queue.o(i.prvCopyDataToQueue)
    i.prvDeleteTCB                           0x08006210   Section        0  tasks.o(i.prvDeleteTCB)
    prvDeleteTCB                             0x08006211   Thumb Code    18  tasks.o(i.prvDeleteTCB)
    i.prvHeapInit                            0x08006224   Section        0  heap_4.o(i.prvHeapInit)
    prvHeapInit                              0x08006225   Thumb Code   100  heap_4.o(i.prvHeapInit)
    i.prvIdleTask                            0x080062a0   Section        0  tasks.o(i.prvIdleTask)
    prvIdleTask                              0x080062a1   Thumb Code    20  tasks.o(i.prvIdleTask)
    i.prvInitialiseTCBVariables              0x080062b8   Section        0  tasks.o(i.prvInitialiseTCBVariables)
    prvInitialiseTCBVariables                0x080062b9   Thumb Code    92  tasks.o(i.prvInitialiseTCBVariables)
    i.prvInitialiseTaskLists                 0x08006314   Section        0  tasks.o(i.prvInitialiseTaskLists)
    prvInitialiseTaskLists                   0x08006315   Thumb Code    68  tasks.o(i.prvInitialiseTaskLists)
    i.prvInsertBlockIntoFreeList             0x08006378   Section        0  heap_4.o(i.prvInsertBlockIntoFreeList)
    prvInsertBlockIntoFreeList               0x08006379   Thumb Code    96  heap_4.o(i.prvInsertBlockIntoFreeList)
    i.prvIsQueueEmpty                        0x080063e0   Section        0  queue.o(i.prvIsQueueEmpty)
    prvIsQueueEmpty                          0x080063e1   Thumb Code    28  queue.o(i.prvIsQueueEmpty)
    i.prvIsQueueFull                         0x080063fc   Section        0  queue.o(i.prvIsQueueFull)
    prvIsQueueFull                           0x080063fd   Thumb Code    30  queue.o(i.prvIsQueueFull)
    i.prvResetNextTaskUnblockTime            0x0800641c   Section        0  tasks.o(i.prvResetNextTaskUnblockTime)
    prvResetNextTaskUnblockTime              0x0800641d   Thumb Code    46  tasks.o(i.prvResetNextTaskUnblockTime)
    i.prvSetupTimerInterrupt                 0x08006454   Section        0  port.o(i.prvSetupTimerInterrupt)
    prvSetupTimerInterrupt                   0x08006455   Thumb Code    26  port.o(i.prvSetupTimerInterrupt)
    i.prvTaskExitError                       0x08006478   Section        0  port.o(i.prvTaskExitError)
    prvTaskExitError                         0x08006479   Thumb Code    32  port.o(i.prvTaskExitError)
    i.prvUnlockQueue                         0x0800649c   Section        0  queue.o(i.prvUnlockQueue)
    prvUnlockQueue                           0x0800649d   Thumb Code   138  queue.o(i.prvUnlockQueue)
    i.pvPortMalloc                           0x08006528   Section        0  heap_4.o(i.pvPortMalloc)
    i.pvTaskIncrementMutexHeldCount          0x08006644   Section        0  tasks.o(i.pvTaskIncrementMutexHeldCount)
    i.pxPortInitialiseStack                  0x08006664   Section        0  port.o(i.pxPortInitialiseStack)
    i.uxListRemove                           0x08006684   Section        0  list.o(i.uxListRemove)
    i.vListInitialise                        0x080066ac   Section        0  list.o(i.vListInitialise)
    i.vListInitialiseItem                    0x080066c6   Section        0  list.o(i.vListInitialiseItem)
    i.vListInsert                            0x080066cc   Section        0  list.o(i.vListInsert)
    i.vListInsertEnd                         0x08006702   Section        0  list.o(i.vListInsertEnd)
    i.vPortEnterCritical                     0x0800671c   Section        0  port.o(i.vPortEnterCritical)
    i.vPortExitCritical                      0x08006738   Section        0  port.o(i.vPortExitCritical)
    i.vPortFree                              0x08006760   Section        0  heap_4.o(i.vPortFree)
    i.vPortYield                             0x080067e0   Section        0  port.o(i.vPortYield)
    i.vTaskDataProcess                       0x080067f8   Section        0  data_task.o(i.vTaskDataProcess)
    i.vTaskDelay                             0x0800696c   Section        0  tasks.o(i.vTaskDelay)
    i.vTaskLoraCommunicate                   0x080069c4   Section        0  lora_task.o(i.vTaskLoraCommunicate)
    i.vTaskMissedYield                       0x08006d54   Section        0  tasks.o(i.vTaskMissedYield)
    i.vTaskPlaceOnEventList                  0x08006d60   Section        0  tasks.o(i.vTaskPlaceOnEventList)
    i.vTaskPriorityInherit                   0x08006db4   Section        0  tasks.o(i.vTaskPriorityInherit)
    i.vTaskRS485Communicate                  0x08006e40   Section        0  rs485_task.o(i.vTaskRS485Communicate)
    i.vTaskRs232Communicate                  0x08006ed0   Section        0  rs232_task.o(i.vTaskRs232Communicate)
    i.vTaskSetTimeOutState                   0x08007b94   Section        0  tasks.o(i.vTaskSetTimeOutState)
    i.vTaskStartScheduler                    0x08007bb4   Section        0  tasks.o(i.vTaskStartScheduler)
    i.vTaskSuspendAll                        0x08007c14   Section        0  tasks.o(i.vTaskSuspendAll)
    i.vTaskSwitchContext                     0x08007c24   Section        0  tasks.o(i.vTaskSwitchContext)
    i.vTaskUartWrite                         0x08007cb0   Section        0  write_task.o(i.vTaskUartWrite)
    i.xPortStartScheduler                    0x08007d40   Section        0  port.o(i.xPortStartScheduler)
    i.xPortSysTickHandler                    0x08007d78   Section        0  port.o(i.xPortSysTickHandler)
    i.xQueueGenericCreate                    0x08007d9c   Section        0  queue.o(i.xQueueGenericCreate)
    i.xQueueGenericReceive                   0x08007e0c   Section        0  queue.o(i.xQueueGenericReceive)
    i.xQueueGenericReset                     0x08007f7c   Section        0  queue.o(i.xQueueGenericReset)
    i.xQueueGenericSend                      0x08007ffa   Section        0  queue.o(i.xQueueGenericSend)
    i.xTaskCheckForTimeOut                   0x08008148   Section        0  tasks.o(i.xTaskCheckForTimeOut)
    i.xTaskGenericCreate                     0x080081bc   Section        0  tasks.o(i.xTaskGenericCreate)
    i.xTaskGetSchedulerState                 0x080082f4   Section        0  tasks.o(i.xTaskGetSchedulerState)
    i.xTaskIncrementTick                     0x08008318   Section        0  tasks.o(i.xTaskIncrementTick)
    i.xTaskPriorityDisinherit                0x08008458   Section        0  tasks.o(i.xTaskPriorityDisinherit)
    i.xTaskRemoveFromEventList               0x080084e0   Section        0  tasks.o(i.xTaskRemoveFromEventList)
    i.xTaskResumeAll                         0x08008568   Section        0  tasks.o(i.xTaskResumeAll)
    .constdata                               0x08008654   Section       33  system_stm32l0xx.o(.constdata)
    .constdata                               0x08008675   Section       64  ctype_c.o(.constdata)
    .conststring                             0x080086b8   Section       74  main.o(.conststring)
    .data                                    0x20000000   Section      100  main.o(.data)
    .data                                    0x20000064   Section        8  rs232_task.o(.data)
    u32Rs232WriteIndex                       0x20000068   Data           4  rs232_task.o(.data)
    .data                                    0x2000006c   Section       12  lora_task.o(.data)
    u32LoraWriteIndex                        0x20000070   Data           4  lora_task.o(.data)
    .data                                    0x20000078   Section        4  write_task.o(.data)
    s_s32MsgQueID                            0x20000078   Data           4  write_task.o(.data)
    .data                                    0x2000007c   Section      676  data_task.o(.data)
    s_s32MsgQueID                            0x2000007c   Data           4  data_task.o(.data)
    .data                                    0x20000320   Section        8  rs485_task.o(.data)
    u32Rs485WriteIndex                       0x20000324   Data           4  rs485_task.o(.data)
    .data                                    0x20000328   Section       24  heap_4.o(.data)
    xStart                                   0x20000328   Data           8  heap_4.o(.data)
    pxEnd                                    0x20000330   Data           4  heap_4.o(.data)
    xFreeBytesRemaining                      0x20000334   Data           4  heap_4.o(.data)
    xMinimumEverFreeBytesRemaining           0x20000338   Data           4  heap_4.o(.data)
    xBlockAllocatedBit                       0x2000033c   Data           4  heap_4.o(.data)
    .data                                    0x20000340   Section        4  port.o(.data)
    uxCriticalNesting                        0x20000340   Data           4  port.o(.data)
    .data                                    0x20000344   Section       56  tasks.o(.data)
    pxDelayedTaskList                        0x20000348   Data           4  tasks.o(.data)
    pxOverflowDelayedTaskList                0x2000034c   Data           4  tasks.o(.data)
    uxTasksDeleted                           0x20000350   Data           4  tasks.o(.data)
    uxCurrentNumberOfTasks                   0x20000354   Data           4  tasks.o(.data)
    xTickCount                               0x20000358   Data           4  tasks.o(.data)
    uxTopReadyPriority                       0x2000035c   Data           4  tasks.o(.data)
    xSchedulerRunning                        0x20000360   Data           4  tasks.o(.data)
    uxPendedTicks                            0x20000364   Data           4  tasks.o(.data)
    xYieldPending                            0x20000368   Data           4  tasks.o(.data)
    xNumOfOverflows                          0x2000036c   Data           4  tasks.o(.data)
    uxTaskNumber                             0x20000370   Data           4  tasks.o(.data)
    xNextTaskUnblockTime                     0x20000374   Data           4  tasks.o(.data)
    uxSchedulerSuspended                     0x20000378   Data           4  tasks.o(.data)
    .data                                    0x2000037c   Section        4  stm32l0xx_hal.o(.data)
    .data                                    0x20000380   Section        4  system_stm32l0xx.o(.data)
    .data                                    0x20000384   Section        4  stdout.o(.data)
    .bss                                     0x20000388   Section      156  adc.o(.bss)
    .bss                                     0x20000424   Section      448  usart.o(.bss)
    .bss                                     0x200005e4   Section       56  stm32l0xx_hal_timebase_tim.o(.bss)
    .bss                                     0x2000061c   Section       36  rtc.o(.bss)
    .bss                                     0x20000640   Section      768  rs232_task.o(.bss)
    .bss                                     0x20000940   Section      800  lora_task.o(.bss)
    .bss                                     0x20000c60   Section      256  data_task.o(.bss)
    .bss                                     0x20000d60   Section      768  rs485_task.o(.bss)
    .bss                                     0x20001060   Section     6144  heap_4.o(.bss)
    ucHeap                                   0x20001060   Data        6144  heap_4.o(.bss)
    .bss                                     0x20002860   Section      240  tasks.o(.bss)
    pxReadyTasksLists                        0x20002860   Data         140  tasks.o(.bss)
    xDelayedTaskList1                        0x200028ec   Data          20  tasks.o(.bss)
    xDelayedTaskList2                        0x20002900   Data          20  tasks.o(.bss)
    xPendingReadyList                        0x20002914   Data          20  tasks.o(.bss)
    xTasksWaitingTermination                 0x20002928   Data          20  tasks.o(.bss)
    xSuspendedTaskList                       0x2000293c   Data          20  tasks.o(.bss)
    STACK                                    0x20002950   Section     1024  startup_stm32l071xx.o(STACK)

    Global Symbols

    Symbol Name                              Value     Ov Type        Size  Object(Section)

    BuildAttributes$$THM_ISAv3M$S$PE$A:L22$X:L11$S22$IEEE1$IW$USESV6$~STKCKD$USESV7$~SHL$OTIME$ROPI$EBA8$MICROLIB$REQ8$PRES8$EABIv2 0x00000000   Number         0  anon$$obj.o ABSOLUTE
    __ARM_use_no_argv                        0x00000000   Number         0  main.o ABSOLUTE
    _printf_a                                0x00000000   Number         0  stubs.o ABSOLUTE
    _printf_c                                0x00000000   Number         0  stubs.o ABSOLUTE
    _printf_charcount                        0x00000000   Number         0  stubs.o ABSOLUTE
    _printf_d                                0x00000000   Number         0  stubs.o ABSOLUTE
    _printf_e                                0x00000000   Number         0  stubs.o ABSOLUTE
    _printf_f                                0x00000000   Number         0  stubs.o ABSOLUTE
    _printf_flags                            0x00000000   Number         0  stubs.o ABSOLUTE
    _printf_fp_dec                           0x00000000   Number         0  stubs.o ABSOLUTE
    _printf_fp_hex                           0x00000000   Number         0  stubs.o ABSOLUTE
    _printf_g                                0x00000000   Number         0  stubs.o ABSOLUTE
    _printf_i                                0x00000000   Number         0  stubs.o ABSOLUTE
    _printf_int_dec                          0x00000000   Number         0  stubs.o ABSOLUTE
    _printf_l                                0x00000000   Number         0  stubs.o ABSOLUTE
    _printf_lc                               0x00000000   Number         0  stubs.o ABSOLUTE
    _printf_ll                               0x00000000   Number         0  stubs.o ABSOLUTE
    _printf_lld                              0x00000000   Number         0  stubs.o ABSOLUTE
    _printf_lli                              0x00000000   Number         0  stubs.o ABSOLUTE
    _printf_llo                              0x00000000   Number         0  stubs.o ABSOLUTE
    _printf_llu                              0x00000000   Number         0  stubs.o ABSOLUTE
    _printf_llx                              0x00000000   Number         0  stubs.o ABSOLUTE
    _printf_longlong_dec                     0x00000000   Number         0  stubs.o ABSOLUTE
    _printf_longlong_hex                     0x00000000   Number         0  stubs.o ABSOLUTE
    _printf_longlong_oct                     0x00000000   Number         0  stubs.o ABSOLUTE
    _printf_ls                               0x00000000   Number         0  stubs.o ABSOLUTE
    _printf_mbtowc                           0x00000000   Number         0  stubs.o ABSOLUTE
    _printf_n                                0x00000000   Number         0  stubs.o ABSOLUTE
    _printf_o                                0x00000000   Number         0  stubs.o ABSOLUTE
    _printf_p                                0x00000000   Number         0  stubs.o ABSOLUTE
    _printf_percent                          0x00000000   Number         0  stubs.o ABSOLUTE
    _printf_pre_padding                      0x00000000   Number         0  stubs.o ABSOLUTE
    _printf_return_value                     0x00000000   Number         0  stubs.o ABSOLUTE
    _printf_s                                0x00000000   Number         0  stubs.o ABSOLUTE
    _printf_sizespec                         0x00000000   Number         0  stubs.o ABSOLUTE
    _printf_str                              0x00000000   Number         0  stubs.o ABSOLUTE
    _printf_truncate_signed                  0x00000000   Number         0  stubs.o ABSOLUTE
    _printf_truncate_unsigned                0x00000000   Number         0  stubs.o ABSOLUTE
    _printf_u                                0x00000000   Number         0  stubs.o ABSOLUTE
    _printf_wc                               0x00000000   Number         0  stubs.o ABSOLUTE
    _printf_wctomb                           0x00000000   Number         0  stubs.o ABSOLUTE
    _printf_widthprec                        0x00000000   Number         0  stubs.o ABSOLUTE
    _printf_x                                0x00000000   Number         0  stubs.o ABSOLUTE
    __cpp_initialize__aeabi_                  - Undefined Weak Reference
    __cxa_finalize                            - Undefined Weak Reference
    _clock_init                               - Undefined Weak Reference
    _microlib_exit                            - Undefined Weak Reference
    _scanf_longlong                           - Undefined Weak Reference
    _scanf_real                               - Undefined Weak Reference
    _scanf_string                             - Undefined Weak Reference
    __Vectors_Size                           0x000000c0   Number         0  startup_stm32l071xx.o ABSOLUTE
    __Vectors                                0x08000000   Data           4  startup_stm32l071xx.o(RESET)
    __Vectors_End                            0x080000c0   Data           0  startup_stm32l071xx.o(RESET)
    __main                                   0x080000c1   Thumb Code     0  entry.o(.ARM.Collect$$$$00000000)
    _main_stk                                0x080000c1   Thumb Code     0  entry2.o(.ARM.Collect$$$$00000001)
    _main_scatterload                        0x080000c5   Thumb Code     0  entry5.o(.ARM.Collect$$$$00000004)
    __main_after_scatterload                 0x080000c9   Thumb Code     0  entry5.o(.ARM.Collect$$$$00000004)
    _main_clock                              0x080000c9   Thumb Code     0  entry7b.o(.ARM.Collect$$$$00000008)
    _main_cpp_init                           0x080000c9   Thumb Code     0  entry8b.o(.ARM.Collect$$$$0000000A)
    _main_init                               0x080000c9   Thumb Code     0  entry9a.o(.ARM.Collect$$$$0000000B)
    __rt_final_cpp                           0x080000d1   Thumb Code     0  entry10a.o(.ARM.Collect$$$$0000000D)
    __rt_final_exit                          0x080000d1   Thumb Code     0  entry11a.o(.ARM.Collect$$$$0000000F)
    __asm___6_port_c_39a90d8d__prvPortStartFirstTask 0x080000d5   Thumb Code    28  port.o(.emb_text)
    ulSetInterruptMaskFromISR                0x080000f5   Thumb Code     8  port.o(.emb_text)
    vClearInterruptMaskFromISR               0x080000fd   Thumb Code     6  port.o(.emb_text)
    PendSV_Handler                           0x08000103   Thumb Code    62  port.o(.emb_text)
    Reset_Handler                            0x08000145   Thumb Code     8  startup_stm32l071xx.o(.text)
    ADC1_COMP_IRQHandler                     0x08000157   Thumb Code     0  startup_stm32l071xx.o(.text)
    DMA1_Channel2_3_IRQHandler               0x08000157   Thumb Code     0  startup_stm32l071xx.o(.text)
    DMA1_Channel4_5_6_7_IRQHandler           0x08000157   Thumb Code     0  startup_stm32l071xx.o(.text)
    EXTI0_1_IRQHandler                       0x08000157   Thumb Code     0  startup_stm32l071xx.o(.text)
    EXTI2_3_IRQHandler                       0x08000157   Thumb Code     0  startup_stm32l071xx.o(.text)
    EXTI4_15_IRQHandler                      0x08000157   Thumb Code     0  startup_stm32l071xx.o(.text)
    FLASH_IRQHandler                         0x08000157   Thumb Code     0  startup_stm32l071xx.o(.text)
    I2C1_IRQHandler                          0x08000157   Thumb Code     0  startup_stm32l071xx.o(.text)
    I2C2_IRQHandler                          0x08000157   Thumb Code     0  startup_stm32l071xx.o(.text)
    I2C3_IRQHandler                          0x08000157   Thumb Code     0  startup_stm32l071xx.o(.text)
    LPTIM1_IRQHandler                        0x08000157   Thumb Code     0  startup_stm32l071xx.o(.text)
    LPUART1_IRQHandler                       0x08000157   Thumb Code     0  startup_stm32l071xx.o(.text)
    PVD_IRQHandler                           0x08000157   Thumb Code     0  startup_stm32l071xx.o(.text)
    RCC_IRQHandler                           0x08000157   Thumb Code     0  startup_stm32l071xx.o(.text)
    SPI1_IRQHandler                          0x08000157   Thumb Code     0  startup_stm32l071xx.o(.text)
    SPI2_IRQHandler                          0x08000157   Thumb Code     0  startup_stm32l071xx.o(.text)
    TIM21_IRQHandler                         0x08000157   Thumb Code     0  startup_stm32l071xx.o(.text)
    TIM22_IRQHandler                         0x08000157   Thumb Code     0  startup_stm32l071xx.o(.text)
    TIM3_IRQHandler                          0x08000157   Thumb Code     0  startup_stm32l071xx.o(.text)
    TIM6_IRQHandler                          0x08000157   Thumb Code     0  startup_stm32l071xx.o(.text)
    TIM7_IRQHandler                          0x08000157   Thumb Code     0  startup_stm32l071xx.o(.text)
    WWDG_IRQHandler                          0x08000157   Thumb Code     0  startup_stm32l071xx.o(.text)
    __aeabi_uidiv                            0x08000161   Thumb Code     0  uidiv.o(.text)
    __aeabi_uidivmod                         0x08000161   Thumb Code    44  uidiv.o(.text)
    __aeabi_idiv                             0x0800018d   Thumb Code     0  idiv.o(.text)
    __aeabi_idivmod                          0x0800018d   Thumb Code    40  idiv.o(.text)
    __aeabi_uldivmod                         0x080001b5   Thumb Code    96  uldiv.o(.text)
    __aeabi_memcpy                           0x08000215   Thumb Code    36  memcpya.o(.text)
    __aeabi_memcpy4                          0x08000215   Thumb Code     0  memcpya.o(.text)
    __aeabi_memcpy8                          0x08000215   Thumb Code     0  memcpya.o(.text)
    __aeabi_memset                           0x08000239   Thumb Code    14  memseta.o(.text)
    __aeabi_memset4                          0x08000239   Thumb Code     0  memseta.o(.text)
    __aeabi_memset8                          0x08000239   Thumb Code     0  memseta.o(.text)
    __aeabi_memclr                           0x08000247   Thumb Code     4  memseta.o(.text)
    __aeabi_memclr4                          0x08000247   Thumb Code     0  memseta.o(.text)
    __aeabi_memclr8                          0x08000247   Thumb Code     0  memseta.o(.text)
    _memset$wrapper                          0x0800024b   Thumb Code    18  memseta.o(.text)
    strcat                                   0x0800025d   Thumb Code    24  strcat.o(.text)
    strlen                                   0x08000275   Thumb Code    14  strlen.o(.text)
    strncmp                                  0x08000283   Thumb Code    30  strncmp.o(.text)
    __0sscanf                                0x080002a1   Thumb Code    50  __0sscanf.o(.text)
    _scanf_int                               0x080002dd   Thumb Code   330  _scanf_int.o(.text)
    __aeabi_dadd                             0x08000429   Thumb Code   328  dadd.o(.text)
    __aeabi_dsub                             0x08000571   Thumb Code    12  dadd.o(.text)
    __aeabi_drsub                            0x0800057d   Thumb Code    12  dadd.o(.text)
    __aeabi_dmul                             0x0800058d   Thumb Code   202  dmul.o(.text)
    __aeabi_ddiv                             0x0800065d   Thumb Code   234  ddiv.o(.text)
    __aeabi_ui2f                             0x0800074d   Thumb Code    14  ffltui.o(.text)
    __aeabi_ul2d                             0x0800075d   Thumb Code    22  dfltul.o(.text)
    __aeabi_d2uiz                            0x08000779   Thumb Code    50  dfixui.o(.text)
    __aeabi_f2d                              0x080007b5   Thumb Code    40  f2d.o(.text)
    __aeabi_d2f                              0x080007dd   Thumb Code    56  d2f.o(.text)
    __aeabi_llsl                             0x08000815   Thumb Code    32  llshl.o(.text)
    _ll_shift_l                              0x08000815   Thumb Code     0  llshl.o(.text)
    __aeabi_llsr                             0x08000835   Thumb Code    34  llushr.o(.text)
    _ll_ushift_r                             0x08000835   Thumb Code     0  llushr.o(.text)
    __aeabi_lasr                             0x08000857   Thumb Code    38  llsshr.o(.text)
    _ll_sshift_r                             0x08000857   Thumb Code     0  llsshr.o(.text)
    _chval                                   0x0800087d   Thumb Code    30  _chval.o(.text)
    __vfscanf_char                           0x080008a9   Thumb Code    24  scanf_char.o(.text)
    _sgetc                                   0x080008c9   Thumb Code    32  _sgetc.o(.text)
    _sbackspace                              0x080008e9   Thumb Code    36  _sgetc.o(.text)
    __I$use$fp                               0x0800090d   Thumb Code     0  iusefp.o(.text)
    _float_round                             0x0800090d   Thumb Code    16  fepilogue.o(.text)
    _float_epilogue                          0x0800091d   Thumb Code   114  fepilogue.o(.text)
    _double_round                            0x0800098f   Thumb Code    26  depilogue.o(.text)
    _double_epilogue                         0x080009a9   Thumb Code   164  depilogue.o(.text)
    __scatterload                            0x08000a4d   Thumb Code    28  init.o(.text)
    __scatterload_rt2                        0x08000a4d   Thumb Code     0  init.o(.text)
    isspace                                  0x08000a71   Thumb Code    14  isspace_c.o(.text)
    __vfscanf                                0x08000a81   Thumb Code   812  _scanf.o(.text)
    __ctype_lookup                           0x08000db9   Thumb Code    32  ctype_c.o(.text)
    __decompress                             0x08000ddd   Thumb Code     0  __dczerorl2.o(.text)
    __decompress1                            0x08000ddd   Thumb Code    86  __dczerorl2.o(.text)
    DMA1_Channel1_IRQHandler                 0x0800100d   Thumb Code    10  stm32l0xx_it.o(i.DMA1_Channel1_IRQHandler)
    Error_Handler                            0x0800101d   Thumb Code     4  main.o(i.Error_Handler)
    GetADCValue                              0x08001021   Thumb Code    92  adc_task.o(i.GetADCValue)
    GetLoraWriteIndex                        0x0800107d   Thumb Code     6  lora_task.o(i.GetLoraWriteIndex)
    GetRs232WriteIndex                       0x08001089   Thumb Code     6  rs232_task.o(i.GetRs232WriteIndex)
    GetRs485WriteIndex                       0x08001095   Thumb Code     6  rs485_task.o(i.GetRs485WriteIndex)
    HAL_ADCEx_Calibration_Start              0x080010a1   Thumb Code   184  stm32l0xx_hal_adc_ex.o(i.HAL_ADCEx_Calibration_Start)
    HAL_ADC_ConfigChannel                    0x08001159   Thumb Code   246  stm32l0xx_hal_adc.o(i.HAL_ADC_ConfigChannel)
    HAL_ADC_GetState                         0x08001261   Thumb Code     6  stm32l0xx_hal_adc.o(i.HAL_ADC_GetState)
    HAL_ADC_GetValue                         0x08001267   Thumb Code     8  stm32l0xx_hal_adc.o(i.HAL_ADC_GetValue)
    HAL_ADC_Init                             0x08001271   Thumb Code   552  stm32l0xx_hal_adc.o(i.HAL_ADC_Init)
    HAL_ADC_MspInit                          0x080014a5   Thumb Code   112  adc.o(i.HAL_ADC_MspInit)
    HAL_ADC_PollForConversion                0x08001525   Thumb Code   228  stm32l0xx_hal_adc.o(i.HAL_ADC_PollForConversion)
    HAL_ADC_Start                            0x08001609   Thumb Code   114  stm32l0xx_hal_adc.o(i.HAL_ADC_Start)
    HAL_ADC_Stop                             0x08001681   Thumb Code    80  stm32l0xx_hal_adc.o(i.HAL_ADC_Stop)
    HAL_DMA_IRQHandler                       0x080016d1   Thumb Code   792  stm32l0xx_hal_dma.o(i.HAL_DMA_IRQHandler)
    HAL_DMA_Init                             0x080019ed   Thumb Code   390  stm32l0xx_hal_dma.o(i.HAL_DMA_Init)
    HAL_GPIO_Init                            0x08001b7d   Thumb Code   472  stm32l0xx_hal_gpio.o(i.HAL_GPIO_Init)
    HAL_GPIO_WritePin                        0x08001d75   Thumb Code    12  stm32l0xx_hal_gpio.o(i.HAL_GPIO_WritePin)
    HAL_GetTick                              0x08001d81   Thumb Code     6  stm32l0xx_hal.o(i.HAL_GetTick)
    HAL_IncTick                              0x08001d8d   Thumb Code    12  stm32l0xx_hal.o(i.HAL_IncTick)
    HAL_Init                                 0x08001d9d   Thumb Code    28  stm32l0xx_hal.o(i.HAL_Init)
    HAL_InitTick                             0x08001dbd   Thumb Code   106  stm32l0xx_hal_timebase_tim.o(i.HAL_InitTick)
    HAL_MspInit                              0x08001e39   Thumb Code    58  stm32l0xx_hal_msp.o(i.HAL_MspInit)
    HAL_NVIC_EnableIRQ                       0x08001e79   Thumb Code    18  stm32l0xx_hal_cortex.o(i.HAL_NVIC_EnableIRQ)
    HAL_NVIC_SetPriority                     0x08001e91   Thumb Code    18  stm32l0xx_hal_cortex.o(i.HAL_NVIC_SetPriority)
    HAL_PWR_EnterSTOPMode                    0x08001ea5   Thumb Code    64  stm32l0xx_hal_pwr.o(i.HAL_PWR_EnterSTOPMode)
    HAL_RCCEx_PeriphCLKConfig                0x08001eed   Thumb Code   534  stm32l0xx_hal_rcc_ex.o(i.HAL_RCCEx_PeriphCLKConfig)
    HAL_RCC_ClockConfig                      0x08002111   Thumb Code   482  stm32l0xx_hal_rcc.o(i.HAL_RCC_ClockConfig)
    HAL_RCC_GetClockConfig                   0x08002309   Thumb Code    60  stm32l0xx_hal_rcc.o(i.HAL_RCC_GetClockConfig)
    HAL_RCC_GetHCLKFreq                      0x0800234d   Thumb Code     6  stm32l0xx_hal_rcc.o(i.HAL_RCC_GetHCLKFreq)
    HAL_RCC_GetPCLK1Freq                     0x08002359   Thumb Code    26  stm32l0xx_hal_rcc.o(i.HAL_RCC_GetPCLK1Freq)
    HAL_RCC_GetPCLK2Freq                     0x0800237d   Thumb Code    26  stm32l0xx_hal_rcc.o(i.HAL_RCC_GetPCLK2Freq)
    HAL_RCC_GetSysClockFreq                  0x080023a1   Thumb Code   214  stm32l0xx_hal_rcc.o(i.HAL_RCC_GetSysClockFreq)
    HAL_RCC_OscConfig                        0x0800248d   Thumb Code  1522  stm32l0xx_hal_rcc.o(i.HAL_RCC_OscConfig)
    HAL_RTCEx_AlarmBEventCallback            0x08002a8d   Thumb Code     2  main.o(i.HAL_RTCEx_AlarmBEventCallback)
    HAL_RTC_AlarmAEventCallback              0x08002a8f   Thumb Code     2  main.o(i.HAL_RTC_AlarmAEventCallback)
    HAL_RTC_AlarmIRQHandler                  0x08002a91   Thumb Code   124  stm32l0xx_hal_rtc.o(i.HAL_RTC_AlarmIRQHandler)
    HAL_RTC_GetDate                          0x08002b19   Thumb Code    88  stm32l0xx_hal_rtc.o(i.HAL_RTC_GetDate)
    HAL_RTC_GetTime                          0x08002b75   Thumb Code   104  stm32l0xx_hal_rtc.o(i.HAL_RTC_GetTime)
    HAL_RTC_Init                             0x08002be1   Thumb Code   196  stm32l0xx_hal_rtc.o(i.HAL_RTC_Init)
    HAL_RTC_MspInit                          0x08002ca9   Thumb Code    44  rtc.o(i.HAL_RTC_MspInit)
    HAL_RTC_SetAlarm_IT                      0x08002cdd   Thumb Code   590  stm32l0xx_hal_rtc.o(i.HAL_RTC_SetAlarm_IT)
    HAL_RTC_SetDate                          0x08002f39   Thumb Code   298  stm32l0xx_hal_rtc.o(i.HAL_RTC_SetDate)
    HAL_RTC_SetTime                          0x08003069   Thumb Code   336  stm32l0xx_hal_rtc.o(i.HAL_RTC_SetTime)
    HAL_RTC_WaitForSynchro                   0x080031bd   Thumb Code    60  stm32l0xx_hal_rtc.o(i.HAL_RTC_WaitForSynchro)
    HAL_SYSTICK_CLKSourceConfig              0x080031f9   Thumb Code    32  stm32l0xx_hal_cortex.o(i.HAL_SYSTICK_CLKSourceConfig)
    HAL_SYSTICK_Config                       0x0800321d   Thumb Code    46  stm32l0xx_hal_cortex.o(i.HAL_SYSTICK_Config)
    HAL_TIM_Base_Init                        0x08003255   Thumb Code    56  stm32l0xx_hal_tim.o(i.HAL_TIM_Base_Init)
    HAL_TIM_Base_MspInit                     0x0800328d   Thumb Code     2  stm32l0xx_hal_tim.o(i.HAL_TIM_Base_MspInit)
    HAL_TIM_Base_Start_IT                    0x0800328f   Thumb Code    30  stm32l0xx_hal_tim.o(i.HAL_TIM_Base_Start_IT)
    HAL_TIM_IC_CaptureCallback               0x080032ad   Thumb Code     2  stm32l0xx_hal_tim.o(i.HAL_TIM_IC_CaptureCallback)
    HAL_TIM_IRQHandler                       0x080032af   Thumb Code   380  stm32l0xx_hal_tim.o(i.HAL_TIM_IRQHandler)
    HAL_TIM_OC_DelayElapsedCallback          0x0800342b   Thumb Code     2  stm32l0xx_hal_tim.o(i.HAL_TIM_OC_DelayElapsedCallback)
    HAL_TIM_PWM_PulseFinishedCallback        0x0800342d   Thumb Code     2  stm32l0xx_hal_tim.o(i.HAL_TIM_PWM_PulseFinishedCallback)
    HAL_TIM_PeriodElapsedCallback            0x0800342f   Thumb Code    20  main.o(i.HAL_TIM_PeriodElapsedCallback)
    HAL_TIM_TriggerCallback                  0x08003443   Thumb Code     2  stm32l0xx_hal_tim.o(i.HAL_TIM_TriggerCallback)
    HAL_UARTEx_WakeupCallback                0x08003445   Thumb Code     2  stm32l0xx_hal_uart_ex.o(i.HAL_UARTEx_WakeupCallback)
    HAL_UART_ErrorCallback                   0x08003447   Thumb Code     2  stm32l0xx_hal_uart.o(i.HAL_UART_ErrorCallback)
    HAL_UART_IRQHandler                      0x08003449   Thumb Code   354  stm32l0xx_hal_uart.o(i.HAL_UART_IRQHandler)
    HAL_UART_Init                            0x080035ab   Thumb Code   124  stm32l0xx_hal_uart.o(i.HAL_UART_Init)
    HAL_UART_MspInit                         0x08003629   Thumb Code   318  usart.o(i.HAL_UART_MspInit)
    HAL_UART_RxCpltCallback                  0x08003781   Thumb Code     2  stm32l0xx_hal_uart.o(i.HAL_UART_RxCpltCallback)
    HAL_UART_TxCpltCallback                  0x08003783   Thumb Code     2  stm32l0xx_hal_uart.o(i.HAL_UART_TxCpltCallback)
    HardFault_Handler                        0x08003785   Thumb Code     4  stm32l0xx_it.o(i.HardFault_Handler)
    LoRa_WaitOnCFGResultUntilTimeout         0x08003789   Thumb Code    40  data_task.o(i.LoRa_WaitOnCFGResultUntilTimeout)
    LoRa_WaitOnFlagUntilTimeout              0x080037b5   Thumb Code    36  data_task.o(i.LoRa_WaitOnFlagUntilTimeout)
    LoRa_WaitOnSlaveReplayFlagUntilTimeout   0x080037dd   Thumb Code    36  data_task.o(i.LoRa_WaitOnSlaveReplayFlagUntilTimeout)
    LoraModuleMultipConfig                   0x08003805   Thumb Code  1400  data_task.o(i.LoraModuleMultipConfig)
    LoraModuleReset                          0x08003d8d   Thumb Code    30  lora_task.o(i.LoraModuleReset)
    LoraModuleSingleConfig                   0x08003db1   Thumb Code   178  data_task.o(i.LoraModuleSingleConfig)
    LoraRecvOneData                          0x08003e71   Thumb Code    36  lora_task.o(i.LoraRecvOneData)
    LoraWriteIndexClearZero                  0x08003e9d   Thumb Code     8  lora_task.o(i.LoraWriteIndexClearZero)
    MX_ADC_Init                              0x08003ea9   Thumb Code   126  adc.o(i.MX_ADC_Init)
    MX_DMA_Init                              0x08003f39   Thumb Code    48  dma.o(i.MX_DMA_Init)
    MX_GPIO_Init                             0x08003f6d   Thumb Code   248  gpio.o(i.MX_GPIO_Init)
    MX_RTC_Init                              0x0800406d   Thumb Code   178  rtc.o(i.MX_RTC_Init)
    MX_USART1_UART_Init                      0x08004129   Thumb Code    62  usart.o(i.MX_USART1_UART_Init)
    MX_USART2_UART_Init                      0x08004171   Thumb Code    58  usart.o(i.MX_USART2_UART_Init)
    MX_USART4_UART_Init                      0x080041b5   Thumb Code    58  usart.o(i.MX_USART4_UART_Init)
    MX_USART5_UART_Init                      0x080041f9   Thumb Code    58  usart.o(i.MX_USART5_UART_Init)
    NMI_Handler                              0x0800423d   Thumb Code     2  stm32l0xx_it.o(i.NMI_Handler)
    PostDataProcessMsg                       0x080042b9   Thumb Code   126  data_task.o(i.PostDataProcessMsg)
    PostUartWriteMsg                         0x0800433d   Thumb Code   126  write_task.o(i.PostUartWriteMsg)
    RTC_Bcd2ToByte                           0x080043c1   Thumb Code    26  stm32l0xx_hal_rtc.o(i.RTC_Bcd2ToByte)
    RTC_ByteToBcd2                           0x080043db   Thumb Code    26  stm32l0xx_hal_rtc.o(i.RTC_ByteToBcd2)
    RTC_EnterInitMode                        0x080043f5   Thumb Code    66  stm32l0xx_hal_rtc.o(i.RTC_EnterInitMode)
    RTC_IRQHandler                           0x08004439   Thumb Code    10  stm32l0xx_it.o(i.RTC_IRQHandler)
    Rs232RecvOneData                         0x080044bd   Thumb Code    36  rs232_task.o(i.Rs232RecvOneData)
    Rs232RecvPTLData                         0x080044e9   Thumb Code   178  rs232_task.o(i.Rs232RecvPTLData)
    Rs232WriteIndexClearZero                 0x080045a5   Thumb Code     8  rs232_task.o(i.Rs232WriteIndexClearZero)
    Rs485WriteIndexClearZero                 0x080045b1   Thumb Code     8  rs485_task.o(i.Rs485WriteIndexClearZero)
    STM32L071xx_UART_RxITEnable              0x080045bd   Thumb Code    60  usart.o(i.STM32L071xx_UART_RxITEnable)
    STM32L071xx_UART_Transmit                0x080045f9   Thumb Code    96  usart.o(i.STM32L071xx_UART_Transmit)
    SVC_Handler                              0x08004659   Thumb Code     2  port.o(i.SVC_Handler)
    SetRTCAlarmSeconds                       0x0800465d   Thumb Code   338  rtc.o(i.SetRTCAlarmSeconds)
    SysTick_Handler                          0x08004865   Thumb Code     8  stm32l0xx_it.o(i.SysTick_Handler)
    SystemClock_Config                       0x0800486d   Thumb Code   174  main.o(i.SystemClock_Config)
    SystemClock_StopMode                     0x08004921   Thumb Code   174  main.o(i.SystemClock_StopMode)
    SystemInit                               0x080049d5   Thumb Code    88  system_stm32l0xx.o(i.SystemInit)
    TIM2_IRQHandler                          0x08004a3d   Thumb Code    10  stm32l0xx_it.o(i.TIM2_IRQHandler)
    UART_AdvFeatureConfig                    0x08004ad1   Thumb Code   240  stm32l0xx_hal_uart.o(i.UART_AdvFeatureConfig)
    UART_CheckIdleState                      0x08004bc1   Thumb Code    96  stm32l0xx_hal_uart.o(i.UART_CheckIdleState)
    UART_SetConfig                           0x08004ced   Thumb Code  1220  stm32l0xx_hal_uart.o(i.UART_SetConfig)
    UART_WaitOnFlagUntilTimeout              0x0800522f   Thumb Code   264  stm32l0xx_hal_uart.o(i.UART_WaitOnFlagUntilTimeout)
    USART1_IRQHandler                        0x08005339   Thumb Code    10  stm32l0xx_it.o(i.USART1_IRQHandler)
    USART2_IRQHandler                        0x08005349   Thumb Code    44  stm32l0xx_it.o(i.USART2_IRQHandler)
    USART4_5_IRQHandler                      0x0800537d   Thumb Code    96  stm32l0xx_it.o(i.USART4_5_IRQHandler)
    UpgradeLoraConfig                        0x080053ed   Thumb Code  1796  data_task.o(i.UpgradeLoraConfig)
    __0printf$6                              0x08005b59   Thumb Code    24  printf6.o(i.__0printf$6)
    __1printf$6                              0x08005b59   Thumb Code     0  printf6.o(i.__0printf$6)
    __2printf                                0x08005b59   Thumb Code     0  printf6.o(i.__0printf$6)
    __0sprintf$6                             0x08005b79   Thumb Code    36  printf6.o(i.__0sprintf$6)
    __1sprintf$6                             0x08005b79   Thumb Code     0  printf6.o(i.__0sprintf$6)
    __2sprintf                               0x08005b79   Thumb Code     0  printf6.o(i.__0sprintf$6)
    __ARM_clz                                0x08005ba1   Thumb Code    46  depilogue.o(i.__ARM_clz)
    __ARM_common_switch8                     0x08005bcf   Thumb Code    28  lora_task.o(i.__ARM_common_switch8)
    __scatterload_copy                       0x08005beb   Thumb Code    14  handlers.o(i.__scatterload_copy)
    __scatterload_null                       0x08005bf9   Thumb Code     2  handlers.o(i.__scatterload_null)
    __scatterload_zeroinit                   0x08005bfb   Thumb Code    14  handlers.o(i.__scatterload_zeroinit)
    fputc                                    0x08005f65   Thumb Code    18  usart.o(i.fputc)
    main                                     0x08005f7d   Thumb Code   160  main.o(i.main)
    osKernelStart                            0x08006041   Thumb Code    10  cmsis_os.o(i.osKernelStart)
    osSystickHandler                         0x0800604b   Thumb Code    16  cmsis_os.o(i.osSystickHandler)
    pvPortMalloc                             0x08006529   Thumb Code   264  heap_4.o(i.pvPortMalloc)
    pvTaskIncrementMutexHeldCount            0x08006645   Thumb Code    28  tasks.o(i.pvTaskIncrementMutexHeldCount)
    pxPortInitialiseStack                    0x08006665   Thumb Code    26  port.o(i.pxPortInitialiseStack)
    uxListRemove                             0x08006685   Thumb Code    40  list.o(i.uxListRemove)
    vListInitialise                          0x080066ad   Thumb Code    26  list.o(i.vListInitialise)
    vListInitialiseItem                      0x080066c7   Thumb Code     6  list.o(i.vListInitialiseItem)
    vListInsert                              0x080066cd   Thumb Code    54  list.o(i.vListInsert)
    vListInsertEnd                           0x08006703   Thumb Code    24  list.o(i.vListInsertEnd)
    vPortEnterCritical                       0x0800671d   Thumb Code    22  port.o(i.vPortEnterCritical)
    vPortExitCritical                        0x08006739   Thumb Code    36  port.o(i.vPortExitCritical)
    vPortFree                                0x08006761   Thumb Code   120  heap_4.o(i.vPortFree)
    vPortYield                               0x080067e1   Thumb Code    18  port.o(i.vPortYield)
    vTaskDataProcess                         0x080067f9   Thumb Code   350  data_task.o(i.vTaskDataProcess)
    vTaskDelay                               0x0800696d   Thumb Code    76  tasks.o(i.vTaskDelay)
    vTaskLoraCommunicate                     0x080069c5   Thumb Code   844  lora_task.o(i.vTaskLoraCommunicate)
    vTaskMissedYield                         0x08006d55   Thumb Code     8  tasks.o(i.vTaskMissedYield)
    vTaskPlaceOnEventList                    0x08006d61   Thumb Code    72  tasks.o(i.vTaskPlaceOnEventList)
    vTaskPriorityInherit                     0x08006db5   Thumb Code   128  tasks.o(i.vTaskPriorityInherit)
    vTaskRS485Communicate                    0x08006e41   Thumb Code   126  rs485_task.o(i.vTaskRS485Communicate)
    vTaskRs232Communicate                    0x08006ed1   Thumb Code  3122  rs232_task.o(i.vTaskRs232Communicate)
    vTaskSetTimeOutState                     0x08007b95   Thumb Code    24  tasks.o(i.vTaskSetTimeOutState)
    vTaskStartScheduler                      0x08007bb5   Thumb Code    70  tasks.o(i.vTaskStartScheduler)
    vTaskSuspendAll                          0x08007c15   Thumb Code    12  tasks.o(i.vTaskSuspendAll)
    vTaskSwitchContext                       0x08007c25   Thumb Code   120  tasks.o(i.vTaskSwitchContext)
    vTaskUartWrite                           0x08007cb1   Thumb Code   126  write_task.o(i.vTaskUartWrite)
    xPortStartScheduler                      0x08007d41   Thumb Code    48  port.o(i.xPortStartScheduler)
    xPortSysTickHandler                      0x08007d79   Thumb Code    32  port.o(i.xPortSysTickHandler)
    xQueueGenericCreate                      0x08007d9d   Thumb Code   112  queue.o(i.xQueueGenericCreate)
    xQueueGenericReceive                     0x08007e0d   Thumb Code   368  queue.o(i.xQueueGenericReceive)
    xQueueGenericReset                       0x08007f7d   Thumb Code   126  queue.o(i.xQueueGenericReset)
    xQueueGenericSend                        0x08007ffb   Thumb Code   334  queue.o(i.xQueueGenericSend)
    xTaskCheckForTimeOut                     0x08008149   Thumb Code   106  tasks.o(i.xTaskCheckForTimeOut)
    xTaskGenericCreate                       0x080081bd   Thumb Code   288  tasks.o(i.xTaskGenericCreate)
    xTaskGetSchedulerState                   0x080082f5   Thumb Code    28  tasks.o(i.xTaskGetSchedulerState)
    xTaskIncrementTick                       0x08008319   Thumb Code   274  tasks.o(i.xTaskIncrementTick)
    xTaskPriorityDisinherit                  0x08008459   Thumb Code   124  tasks.o(i.xTaskPriorityDisinherit)
    xTaskRemoveFromEventList                 0x080084e1   Thumb Code   112  tasks.o(i.xTaskRemoveFromEventList)
    xTaskResumeAll                           0x08008569   Thumb Code   202  tasks.o(i.xTaskResumeAll)
    AHBPrescTable                            0x08008654   Data          16  system_stm32l0xx.o(.constdata)
    APBPrescTable                            0x08008664   Data           8  system_stm32l0xx.o(.constdata)
    PLLMulTable                              0x0800866c   Data           9  system_stm32l0xx.o(.constdata)
    __ctype_categories                       0x08008675   Data          64  ctype_c.o(.constdata)
    Region$$Table$$Base                      0x08008704   Number         0  anon$$obj.o(Region$$Table)
    Region$$Table$$Limit                     0x08008724   Number         0  anon$$obj.o(Region$$Table)
    g_stTaskObjs                             0x20000000   Data         100  main.o(.data)
    g_u8Rs232RecvStep                        0x20000064   Data           1  rs232_task.o(.data)
    g_u8Rs232RecvLen                         0x20000065   Data           1  rs232_task.o(.data)
    u8Rs232RecvCompeletFlag                  0x20000066   Data           1  rs232_task.o(.data)
    g_u8LoraRecvCompleteFlag                 0x2000006c   Data           1  lora_task.o(.data)
    g_u8LoraRecvSlaveStateReply              0x20000074   Data           1  lora_task.o(.data)
    g_u8LoraModuleReplyOK                    0x20000075   Data           1  lora_task.o(.data)
    g_u8LoraConfigResultOK                   0x20000076   Data           1  lora_task.o(.data)
    g_u8LoraReplyAppFlag                     0x20000077   Data           1  lora_task.o(.data)
    s_StLoraConfig                           0x20000080   Data         576  data_task.o(.data)
    g_stLoraParameter                        0x200002c0   Data          96  data_task.o(.data)
    g_u8Rs485RecvCompleteFlag                0x20000320   Data           1  rs485_task.o(.data)
    pxCurrentTCB                             0x20000344   Data           4  tasks.o(.data)
    uwTick                                   0x2000037c   Data           4  stm32l0xx_hal.o(.data)
    SystemCoreClock                          0x20000380   Data           4  system_stm32l0xx.o(.data)
    __stdout                                 0x20000384   Data           4  stdout.o(.data)
    hadc                                     0x20000388   Data          96  adc.o(.bss)
    hdma_adc                                 0x200003e8   Data          60  adc.o(.bss)
    huart1                                   0x20000424   Data         112  usart.o(.bss)
    huart2                                   0x20000494   Data         112  usart.o(.bss)
    huart4                                   0x20000504   Data         112  usart.o(.bss)
    huart5                                   0x20000574   Data         112  usart.o(.bss)
    htim2                                    0x200005e4   Data          56  stm32l0xx_hal_timebase_tim.o(.bss)
    hrtc                                     0x2000061c   Data          36  rtc.o(.bss)
    u8Rs232RxBuff                            0x20000640   Data         256  rs232_task.o(.bss)
    u8Rs232TxBuff                            0x20000740   Data         256  rs232_task.o(.bss)
    u8Rs232KpBuff                            0x20000840   Data         256  rs232_task.o(.bss)
    u8LoraRxBuff                             0x20000940   Data         256  lora_task.o(.bss)
    u8LoraTxBuff                             0x20000a40   Data         256  lora_task.o(.bss)
    u8LoraKpBuff                             0x20000b40   Data         256  lora_task.o(.bss)
    g_u8LoraSlaveConfig                      0x20000c40   Data          32  lora_task.o(.bss)
    u8DataTxBuff                             0x20000c60   Data         256  data_task.o(.bss)
    u8Rs485RxBuff                            0x20000d60   Data         256  rs485_task.o(.bss)
    u8Rs485TxBuff                            0x20000e60   Data         256  rs485_task.o(.bss)
    u8Rs485KpBuff                            0x20000f60   Data         256  rs485_task.o(.bss)
    __initial_sp                             0x20002d50   Data           0  startup_stm32l071xx.o(STACK)



==============================================================================

Memory Map of the image

  Image Entry point : 0x080000c1

  Load Region LR_IROM1 (Base: 0x08000000, Size: 0x00008aac, Max: 0x00020000, ABSOLUTE, COMPRESSED[0x00008814])

    Execution Region ER_IROM1 (Base: 0x08000000, Size: 0x00008724, Max: 0x00020000, ABSOLUTE)

    Base Addr    Size         Type   Attr      Idx    E Section Name        Object

    0x08000000   0x000000c0   Data   RO         5040    RESET               startup_stm32l071xx.o
    0x080000c0   0x00000000   Code   RO         5078  * .ARM.Collect$$$$00000000  mc_p.l(entry.o)
    0x080000c0   0x00000004   Code   RO         5384    .ARM.Collect$$$$00000001  mc_p.l(entry2.o)
    0x080000c4   0x00000004   Code   RO         5387    .ARM.Collect$$$$00000004  mc_p.l(entry5.o)
    0x080000c8   0x00000000   Code   RO         5389    .ARM.Collect$$$$00000008  mc_p.l(entry7b.o)
    0x080000c8   0x00000000   Code   RO         5391    .ARM.Collect$$$$0000000A  mc_p.l(entry8b.o)
    0x080000c8   0x00000008   Code   RO         5392    .ARM.Collect$$$$0000000B  mc_p.l(entry9a.o)
    0x080000d0   0x00000000   Code   RO         5394    .ARM.Collect$$$$0000000D  mc_p.l(entry10a.o)
    0x080000d0   0x00000000   Code   RO         5396    .ARM.Collect$$$$0000000F  mc_p.l(entry11a.o)
    0x080000d0   0x00000004   Code   RO         5385    .ARM.Collect$$$$00002712  mc_p.l(entry2.o)
    0x080000d4   0x00000070   Code   RO         1196    .emb_text           port.o
    0x08000144   0x0000001c   Code   RO         5041    .text               startup_stm32l071xx.o
    0x08000160   0x0000002c   Code   RO         5081    .text               mc_p.l(uidiv.o)
    0x0800018c   0x00000028   Code   RO         5083    .text               mc_p.l(idiv.o)
    0x080001b4   0x00000060   Code   RO         5085    .text               mc_p.l(uldiv.o)
    0x08000214   0x00000024   Code   RO         5087    .text               mc_p.l(memcpya.o)
    0x08000238   0x00000024   Code   RO         5089    .text               mc_p.l(memseta.o)
    0x0800025c   0x00000018   Code   RO         5091    .text               mc_p.l(strcat.o)
    0x08000274   0x0000000e   Code   RO         5093    .text               mc_p.l(strlen.o)
    0x08000282   0x0000001e   Code   RO         5095    .text               mc_p.l(strncmp.o)
    0x080002a0   0x0000003c   Code   RO         5360    .text               mc_p.l(__0sscanf.o)
    0x080002dc   0x0000014a   Code   RO         5362    .text               mc_p.l(_scanf_int.o)
    0x08000426   0x00000002   PAD
    0x08000428   0x00000164   Code   RO         5366    .text               mf_p.l(dadd.o)
    0x0800058c   0x000000d0   Code   RO         5368    .text               mf_p.l(dmul.o)
    0x0800065c   0x000000f0   Code   RO         5370    .text               mf_p.l(ddiv.o)
    0x0800074c   0x0000000e   Code   RO         5372    .text               mf_p.l(ffltui.o)
    0x0800075a   0x00000002   PAD
    0x0800075c   0x0000001c   Code   RO         5374    .text               mf_p.l(dfltul.o)
    0x08000778   0x0000003c   Code   RO         5378    .text               mf_p.l(dfixui.o)
    0x080007b4   0x00000028   Code   RO         5380    .text               mf_p.l(f2d.o)
    0x080007dc   0x00000038   Code   RO         5382    .text               mf_p.l(d2f.o)
    0x08000814   0x00000020   Code   RO         5399    .text               mc_p.l(llshl.o)
    0x08000834   0x00000022   Code   RO         5401    .text               mc_p.l(llushr.o)
    0x08000856   0x00000026   Code   RO         5403    .text               mc_p.l(llsshr.o)
    0x0800087c   0x0000001e   Code   RO         5405    .text               mc_p.l(_chval.o)
    0x0800089a   0x00000002   PAD
    0x0800089c   0x0000002c   Code   RO         5407    .text               mc_p.l(scanf_char.o)
    0x080008c8   0x00000044   Code   RO         5409    .text               mc_p.l(_sgetc.o)
    0x0800090c   0x00000000   Code   RO         5411    .text               mc_p.l(iusefp.o)
    0x0800090c   0x00000082   Code   RO         5412    .text               mf_p.l(fepilogue.o)
    0x0800098e   0x000000be   Code   RO         5414    .text               mf_p.l(depilogue.o)
    0x08000a4c   0x00000024   Code   RO         5422    .text               mc_p.l(init.o)
    0x08000a70   0x0000000e   Code   RO         5424    .text               mc_p.l(isspace_c.o)
    0x08000a7e   0x00000002   PAD
    0x08000a80   0x00000338   Code   RO         5426    .text               mc_p.l(_scanf.o)
    0x08000db8   0x00000024   Code   RO         5428    .text               mc_p.l(ctype_c.o)
    0x08000ddc   0x00000056   Code   RO         5439    .text               mc_p.l(__dczerorl2.o)
    0x08000e32   0x0000006c   Code   RO         2197    i.ADC_ConversionStop  stm32l0xx_hal_adc.o
    0x08000e9e   0x00000002   PAD
    0x08000ea0   0x0000002c   Code   RO         2201    i.ADC_DelayMicroSecond  stm32l0xx_hal_adc.o
    0x08000ecc   0x0000009c   Code   RO         2202    i.ADC_Disable       stm32l0xx_hal_adc.o
    0x08000f68   0x000000a4   Code   RO         2203    i.ADC_Enable        stm32l0xx_hal_adc.o
    0x0800100c   0x00000010   Code   RO          371    i.DMA1_Channel1_IRQHandler  stm32l0xx_it.o
    0x0800101c   0x00000004   Code   RO          525    i.Error_Handler     main.o
    0x08001020   0x0000005c   Code   RO          889    i.GetADCValue       adc_task.o
    0x0800107c   0x0000000c   Code   RO          720    i.GetLoraWriteIndex  lora_task.o
    0x08001088   0x0000000c   Code   RO          665    i.GetRs232WriteIndex  rs232_task.o
    0x08001094   0x0000000c   Code   RO          929    i.GetRs485WriteIndex  rs485_task.o
    0x080010a0   0x000000b8   Code   RO         3540    i.HAL_ADCEx_Calibration_Start  stm32l0xx_hal_adc_ex.o
    0x08001158   0x00000108   Code   RO         2205    i.HAL_ADC_ConfigChannel  stm32l0xx_hal_adc.o
    0x08001260   0x00000006   Code   RO         2211    i.HAL_ADC_GetState  stm32l0xx_hal_adc.o
    0x08001266   0x00000008   Code   RO         2212    i.HAL_ADC_GetValue  stm32l0xx_hal_adc.o
    0x0800126e   0x00000002   PAD
    0x08001270   0x00000234   Code   RO         2214    i.HAL_ADC_Init      stm32l0xx_hal_adc.o
    0x080014a4   0x00000080   Code   RO            4    i.HAL_ADC_MspInit   adc.o
    0x08001524   0x000000e4   Code   RO         2218    i.HAL_ADC_PollForConversion  stm32l0xx_hal_adc.o
    0x08001608   0x00000078   Code   RO         2220    i.HAL_ADC_Start     stm32l0xx_hal_adc.o
    0x08001680   0x00000050   Code   RO         2223    i.HAL_ADC_Stop      stm32l0xx_hal_adc.o
    0x080016d0   0x0000031c   Code   RO         3470    i.HAL_DMA_IRQHandler  stm32l0xx_hal_dma.o
    0x080019ec   0x00000190   Code   RO         3471    i.HAL_DMA_Init      stm32l0xx_hal_dma.o
    0x08001b7c   0x000001f8   Code   RO         3223    i.HAL_GPIO_Init     stm32l0xx_hal_gpio.o
    0x08001d74   0x0000000c   Code   RO         3227    i.HAL_GPIO_WritePin  stm32l0xx_hal_gpio.o
    0x08001d80   0x0000000c   Code   RO         3917    i.HAL_GetTick       stm32l0xx_hal.o
    0x08001d8c   0x00000010   Code   RO         3918    i.HAL_IncTick       stm32l0xx_hal.o
    0x08001d9c   0x00000020   Code   RO         3919    i.HAL_Init          stm32l0xx_hal.o
    0x08001dbc   0x0000007c   Code   RO          335    i.HAL_InitTick      stm32l0xx_hal_timebase_tim.o
    0x08001e38   0x00000040   Code   RO          315    i.HAL_MspInit       stm32l0xx_hal_msp.o
    0x08001e78   0x00000018   Code   RO         3781    i.HAL_NVIC_EnableIRQ  stm32l0xx_hal_cortex.o
    0x08001e90   0x00000012   Code   RO         3785    i.HAL_NVIC_SetPriority  stm32l0xx_hal_cortex.o
    0x08001ea2   0x00000002   PAD
    0x08001ea4   0x00000048   Code   RO         3363    i.HAL_PWR_EnterSTOPMode  stm32l0xx_hal_pwr.o
    0x08001eec   0x00000224   Code   RO         4985    i.HAL_RCCEx_PeriphCLKConfig  stm32l0xx_hal_rcc_ex.o
    0x08002110   0x000001f8   Code   RO         2046    i.HAL_RCC_ClockConfig  stm32l0xx_hal_rcc.o
    0x08002308   0x00000044   Code   RO         2049    i.HAL_RCC_GetClockConfig  stm32l0xx_hal_rcc.o
    0x0800234c   0x0000000c   Code   RO         2050    i.HAL_RCC_GetHCLKFreq  stm32l0xx_hal_rcc.o
    0x08002358   0x00000024   Code   RO         2052    i.HAL_RCC_GetPCLK1Freq  stm32l0xx_hal_rcc.o
    0x0800237c   0x00000024   Code   RO         2053    i.HAL_RCC_GetPCLK2Freq  stm32l0xx_hal_rcc.o
    0x080023a0   0x000000ec   Code   RO         2054    i.HAL_RCC_GetSysClockFreq  stm32l0xx_hal_rcc.o
    0x0800248c   0x00000600   Code   RO         2057    i.HAL_RCC_OscConfig  stm32l0xx_hal_rcc.o
    0x08002a8c   0x00000002   Code   RO          526    i.HAL_RTCEx_AlarmBEventCallback  main.o
    0x08002a8e   0x00000002   Code   RO          527    i.HAL_RTC_AlarmAEventCallback  main.o
    0x08002a90   0x00000088   Code   RO         3595    i.HAL_RTC_AlarmIRQHandler  stm32l0xx_hal_rtc.o
    0x08002b18   0x0000005c   Code   RO         3599    i.HAL_RTC_GetDate   stm32l0xx_hal_rtc.o
    0x08002b74   0x0000006c   Code   RO         3601    i.HAL_RTC_GetTime   stm32l0xx_hal_rtc.o
    0x08002be0   0x000000c8   Code   RO         3602    i.HAL_RTC_Init      stm32l0xx_hal_rtc.o
    0x08002ca8   0x00000034   Code   RO          596    i.HAL_RTC_MspInit   rtc.o
    0x08002cdc   0x0000025c   Code   RO         3607    i.HAL_RTC_SetAlarm_IT  stm32l0xx_hal_rtc.o
    0x08002f38   0x00000130   Code   RO         3608    i.HAL_RTC_SetDate   stm32l0xx_hal_rtc.o
    0x08003068   0x00000154   Code   RO         3609    i.HAL_RTC_SetTime   stm32l0xx_hal_rtc.o
    0x080031bc   0x0000003c   Code   RO         3610    i.HAL_RTC_WaitForSynchro  stm32l0xx_hal_rtc.o
    0x080031f8   0x00000024   Code   RO         3787    i.HAL_SYSTICK_CLKSourceConfig  stm32l0xx_hal_cortex.o
    0x0800321c   0x00000038   Code   RO         3789    i.HAL_SYSTICK_Config  stm32l0xx_hal_cortex.o
    0x08003254   0x00000038   Code   RO         4297    i.HAL_TIM_Base_Init  stm32l0xx_hal_tim.o
    0x0800328c   0x00000002   Code   RO         4299    i.HAL_TIM_Base_MspInit  stm32l0xx_hal_tim.o
    0x0800328e   0x0000001e   Code   RO         4302    i.HAL_TIM_Base_Start_IT  stm32l0xx_hal_tim.o
    0x080032ac   0x00000002   Code   RO         4326    i.HAL_TIM_IC_CaptureCallback  stm32l0xx_hal_tim.o
    0x080032ae   0x0000017c   Code   RO         4339    i.HAL_TIM_IRQHandler  stm32l0xx_hal_tim.o
    0x0800342a   0x00000002   Code   RO         4342    i.HAL_TIM_OC_DelayElapsedCallback  stm32l0xx_hal_tim.o
    0x0800342c   0x00000002   Code   RO         4369    i.HAL_TIM_PWM_PulseFinishedCallback  stm32l0xx_hal_tim.o
    0x0800342e   0x00000014   Code   RO          528    i.HAL_TIM_PeriodElapsedCallback  main.o
    0x08003442   0x00000002   Code   RO         4380    i.HAL_TIM_TriggerCallback  stm32l0xx_hal_tim.o
    0x08003444   0x00000002   Code   RO         3289    i.HAL_UARTEx_WakeupCallback  stm32l0xx_hal_uart_ex.o
    0x08003446   0x00000002   Code   RO         2391    i.HAL_UART_ErrorCallback  stm32l0xx_hal_uart.o
    0x08003448   0x00000162   Code   RO         2394    i.HAL_UART_IRQHandler  stm32l0xx_hal_uart.o
    0x080035aa   0x0000007c   Code   RO         2395    i.HAL_UART_Init     stm32l0xx_hal_uart.o
    0x08003626   0x00000002   PAD
    0x08003628   0x00000158   Code   RO          236    i.HAL_UART_MspInit  usart.o
    0x08003780   0x00000002   Code   RO         2401    i.HAL_UART_RxCpltCallback  stm32l0xx_hal_uart.o
    0x08003782   0x00000002   Code   RO         2406    i.HAL_UART_TxCpltCallback  stm32l0xx_hal_uart.o
    0x08003784   0x00000004   Code   RO          372    i.HardFault_Handler  stm32l0xx_it.o
    0x08003788   0x0000002c   Code   RO          808    i.LoRa_WaitOnCFGResultUntilTimeout  data_task.o
    0x080037b4   0x00000028   Code   RO          809    i.LoRa_WaitOnFlagUntilTimeout  data_task.o
    0x080037dc   0x00000028   Code   RO          810    i.LoRa_WaitOnSlaveReplayFlagUntilTimeout  data_task.o
    0x08003804   0x00000588   Code   RO          812    i.LoraModuleMultipConfig  data_task.o
    0x08003d8c   0x00000024   Code   RO          722    i.LoraModuleReset   lora_task.o
    0x08003db0   0x000000c0   Code   RO          813    i.LoraModuleSingleConfig  data_task.o
    0x08003e70   0x0000002c   Code   RO          723    i.LoraRecvOneData   lora_task.o
    0x08003e9c   0x0000000c   Code   RO          724    i.LoraWriteIndexClearZero  lora_task.o
    0x08003ea8   0x00000090   Code   RO            5    i.MX_ADC_Init       adc.o
    0x08003f38   0x00000034   Code   RO          645    i.MX_DMA_Init       dma.o
    0x08003f6c   0x00000100   Code   RO          505    i.MX_GPIO_Init      gpio.o
    0x0800406c   0x000000bc   Code   RO          597    i.MX_RTC_Init       rtc.o
    0x08004128   0x00000048   Code   RO          237    i.MX_USART1_UART_Init  usart.o
    0x08004170   0x00000044   Code   RO          238    i.MX_USART2_UART_Init  usart.o
    0x080041b4   0x00000044   Code   RO          239    i.MX_USART4_UART_Init  usart.o
    0x080041f8   0x00000044   Code   RO          240    i.MX_USART5_UART_Init  usart.o
    0x0800423c   0x00000002   Code   RO          373    i.NMI_Handler       stm32l0xx_it.o
    0x0800423e   0x00000002   PAD
    0x08004240   0x00000078   Code   RO         3791    i.NVIC_SetPriority  stm32l0xx_hal_cortex.o
    0x080042b8   0x00000084   Code   RO          814    i.PostDataProcessMsg  data_task.o
    0x0800433c   0x00000084   Code   RO          779    i.PostUartWriteMsg  write_task.o
    0x080043c0   0x0000001a   Code   RO         3611    i.RTC_Bcd2ToByte    stm32l0xx_hal_rtc.o
    0x080043da   0x0000001a   Code   RO         3612    i.RTC_ByteToBcd2    stm32l0xx_hal_rtc.o
    0x080043f4   0x00000042   Code   RO         3613    i.RTC_EnterInitMode  stm32l0xx_hal_rtc.o
    0x08004436   0x00000002   PAD
    0x08004438   0x00000010   Code   RO          374    i.RTC_IRQHandler    stm32l0xx_it.o
    0x08004448   0x00000038   Code   RO          529    i.RegisterMessage   main.o
    0x08004480   0x0000003a   Code   RO          530    i.RegisterTaskMessages  main.o
    0x080044ba   0x00000002   PAD
    0x080044bc   0x0000002c   Code   RO          666    i.Rs232RecvOneData  rs232_task.o
    0x080044e8   0x000000bc   Code   RO          667    i.Rs232RecvPTLData  rs232_task.o
    0x080045a4   0x0000000c   Code   RO          668    i.Rs232WriteIndexClearZero  rs232_task.o
    0x080045b0   0x0000000c   Code   RO          931    i.Rs485WriteIndexClearZero  rs485_task.o
    0x080045bc   0x0000003c   Code   RO          241    i.STM32L071xx_UART_RxITEnable  usart.o
    0x080045f8   0x00000060   Code   RO          242    i.STM32L071xx_UART_Transmit  usart.o
    0x08004658   0x00000002   Code   RO         1197    i.SVC_Handler       port.o
    0x0800465a   0x00000002   PAD
    0x0800465c   0x00000208   Code   RO          598    i.SetRTCAlarmSeconds  rtc.o
    0x08004864   0x00000008   Code   RO          375    i.SysTick_Handler   stm32l0xx_it.o
    0x0800486c   0x000000b4   Code   RO          531    i.SystemClock_Config  main.o
    0x08004920   0x000000b4   Code   RO          532    i.SystemClock_StopMode  main.o
    0x080049d4   0x00000068   Code   RO         5048    i.SystemInit        system_stm32l0xx.o
    0x08004a3c   0x00000010   Code   RO          376    i.TIM2_IRQHandler   stm32l0xx_it.o
    0x08004a4c   0x00000084   Code   RO         4381    i.TIM_Base_SetConfig  stm32l0xx_hal_tim.o
    0x08004ad0   0x000000f0   Code   RO         2408    i.UART_AdvFeatureConfig  stm32l0xx_hal_uart.o
    0x08004bc0   0x00000064   Code   RO         2409    i.UART_CheckIdleState  stm32l0xx_hal_uart.o
    0x08004c24   0x00000020   Code   RO         2415    i.UART_EndTransmit_IT  stm32l0xx_hal_uart.o
    0x08004c44   0x000000a8   Code   RO         2416    i.UART_Receive_IT   stm32l0xx_hal_uart.o
    0x08004cec   0x000004d0   Code   RO         2417    i.UART_SetConfig    stm32l0xx_hal_uart.o
    0x080051bc   0x00000072   Code   RO         2418    i.UART_Transmit_IT  stm32l0xx_hal_uart.o
    0x0800522e   0x00000108   Code   RO         2419    i.UART_WaitOnFlagUntilTimeout  stm32l0xx_hal_uart.o
    0x08005336   0x00000002   PAD
    0x08005338   0x00000010   Code   RO          377    i.USART1_IRQHandler  stm32l0xx_it.o
    0x08005348   0x00000034   Code   RO          378    i.USART2_IRQHandler  stm32l0xx_it.o
    0x0800537c   0x00000070   Code   RO          379    i.USART4_5_IRQHandler  stm32l0xx_it.o
    0x080053ec   0x0000076c   Code   RO          815    i.UpgradeLoraConfig  data_task.o
    0x08005b58   0x00000020   Code   RO         5254    i.__0printf$6       mc_p.l(printf6.o)
    0x08005b78   0x00000028   Code   RO         5256    i.__0sprintf$6      mc_p.l(printf6.o)
    0x08005ba0   0x0000002e   Code   RO         5416    i.__ARM_clz         mf_p.l(depilogue.o)
    0x08005bce   0x0000001c   Code   RO          769    i.__ARM_common_switch8  lora_task.o
    0x08005bea   0x0000000e   Code   RO         5433    i.__scatterload_copy  mc_p.l(handlers.o)
    0x08005bf8   0x00000002   Code   RO         5434    i.__scatterload_null  mc_p.l(handlers.o)
    0x08005bfa   0x0000000e   Code   RO         5435    i.__scatterload_zeroinit  mc_p.l(handlers.o)
    0x08005c08   0x00000304   Code   RO         5261    i._printf_core      mc_p.l(printf6.o)
    0x08005f0c   0x00000020   Code   RO         5262    i._printf_post_padding  mc_p.l(printf6.o)
    0x08005f2c   0x0000002c   Code   RO         5263    i._printf_pre_padding  mc_p.l(printf6.o)
    0x08005f58   0x0000000a   Code   RO         5265    i._sputc            mc_p.l(printf6.o)
    0x08005f62   0x00000002   PAD
    0x08005f64   0x00000018   Code   RO          244    i.fputc             usart.o
    0x08005f7c   0x000000c4   Code   RO          533    i.main              main.o
    0x08006040   0x0000000a   Code   RO         1310    i.osKernelStart     cmsis_os.o
    0x0800604a   0x00000010   Code   RO         1339    i.osSystickHandler  cmsis_os.o
    0x0800605a   0x00000002   PAD
    0x0800605c   0x00000054   Code   RO         1648    i.prvAddCurrentTaskToDelayedList  tasks.o
    0x080060b0   0x00000046   Code   RO         1649    i.prvAllocateTCBAndStack  tasks.o
    0x080060f6   0x00000002   PAD
    0x080060f8   0x00000068   Code   RO         1650    i.prvCheckTasksWaitingTermination  tasks.o
    0x08006160   0x0000002c   Code   RO         1039    i.prvCopyDataFromQueue  queue.o
    0x0800618c   0x00000084   Code   RO         1040    i.prvCopyDataToQueue  queue.o
    0x08006210   0x00000012   Code   RO         1651    i.prvDeleteTCB      tasks.o
    0x08006222   0x00000002   PAD
    0x08006224   0x0000007c   Code   RO          972    i.prvHeapInit       heap_4.o
    0x080062a0   0x00000018   Code   RO         1652    i.prvIdleTask       tasks.o
    0x080062b8   0x0000005c   Code   RO         1653    i.prvInitialiseTCBVariables  tasks.o
    0x08006314   0x00000064   Code   RO         1654    i.prvInitialiseTaskLists  tasks.o
    0x08006378   0x00000068   Code   RO          973    i.prvInsertBlockIntoFreeList  heap_4.o
    0x080063e0   0x0000001c   Code   RO         1041    i.prvIsQueueEmpty   queue.o
    0x080063fc   0x0000001e   Code   RO         1042    i.prvIsQueueFull    queue.o
    0x0800641a   0x00000002   PAD
    0x0800641c   0x00000038   Code   RO         1656    i.prvResetNextTaskUnblockTime  tasks.o
    0x08006454   0x00000024   Code   RO         1198    i.prvSetupTimerInterrupt  port.o
    0x08006478   0x00000024   Code   RO         1199    i.prvTaskExitError  port.o
    0x0800649c   0x0000008a   Code   RO         1043    i.prvUnlockQueue    queue.o
    0x08006526   0x00000002   PAD
    0x08006528   0x0000011c   Code   RO          974    i.pvPortMalloc      heap_4.o
    0x08006644   0x00000020   Code   RO         1659    i.pvTaskIncrementMutexHeldCount  tasks.o
    0x08006664   0x00000020   Code   RO         1200    i.pxPortInitialiseStack  port.o
    0x08006684   0x00000028   Code   RO         1266    i.uxListRemove      list.o
    0x080066ac   0x0000001a   Code   RO         1267    i.vListInitialise   list.o
    0x080066c6   0x00000006   Code   RO         1268    i.vListInitialiseItem  list.o
    0x080066cc   0x00000036   Code   RO         1269    i.vListInsert       list.o
    0x08006702   0x00000018   Code   RO         1270    i.vListInsertEnd    list.o
    0x0800671a   0x00000002   PAD
    0x0800671c   0x0000001c   Code   RO         1202    i.vPortEnterCritical  port.o
    0x08006738   0x00000028   Code   RO         1203    i.vPortExitCritical  port.o
    0x08006760   0x00000080   Code   RO          975    i.vPortFree         heap_4.o
    0x080067e0   0x00000018   Code   RO         1204    i.vPortYield        port.o
    0x080067f8   0x00000174   Code   RO          816    i.vTaskDataProcess  data_task.o
    0x0800696c   0x00000058   Code   RO         1667    i.vTaskDelay        tasks.o
    0x080069c4   0x00000390   Code   RO          725    i.vTaskLoraCommunicate  lora_task.o
    0x08006d54   0x0000000c   Code   RO         1670    i.vTaskMissedYield  tasks.o
    0x08006d60   0x00000054   Code   RO         1672    i.vTaskPlaceOnEventList  tasks.o
    0x08006db4   0x0000008c   Code   RO         1674    i.vTaskPriorityInherit  tasks.o
    0x08006e40   0x00000090   Code   RO          932    i.vTaskRS485Communicate  rs485_task.o
    0x08006ed0   0x00000cc4   Code   RO          669    i.vTaskRs232Communicate  rs232_task.o
    0x08007b94   0x00000020   Code   RO         1678    i.vTaskSetTimeOutState  tasks.o
    0x08007bb4   0x00000060   Code   RO         1679    i.vTaskStartScheduler  tasks.o
    0x08007c14   0x00000010   Code   RO         1681    i.vTaskSuspendAll   tasks.o
    0x08007c24   0x0000008c   Code   RO         1682    i.vTaskSwitchContext  tasks.o
    0x08007cb0   0x00000090   Code   RO          780    i.vTaskUartWrite    write_task.o
    0x08007d40   0x00000038   Code   RO         1205    i.xPortStartScheduler  port.o
    0x08007d78   0x00000024   Code   RO         1206    i.xPortSysTickHandler  port.o
    0x08007d9c   0x00000070   Code   RO         1054    i.xQueueGenericCreate  queue.o
    0x08007e0c   0x00000170   Code   RO         1055    i.xQueueGenericReceive  queue.o
    0x08007f7c   0x0000007e   Code   RO         1056    i.xQueueGenericReset  queue.o
    0x08007ffa   0x0000014e   Code   RO         1057    i.xQueueGenericSend  queue.o
    0x08008148   0x00000074   Code   RO         1683    i.xTaskCheckForTimeOut  tasks.o
    0x080081bc   0x00000138   Code   RO         1684    i.xTaskGenericCreate  tasks.o
    0x080082f4   0x00000024   Code   RO         1688    i.xTaskGetSchedulerState  tasks.o
    0x08008318   0x00000140   Code   RO         1691    i.xTaskIncrementTick  tasks.o
    0x08008458   0x00000088   Code   RO         1694    i.xTaskPriorityDisinherit  tasks.o
    0x080084e0   0x00000088   Code   RO         1695    i.xTaskRemoveFromEventList  tasks.o
    0x08008568   0x000000ec   Code   RO         1697    i.xTaskResumeAll    tasks.o
    0x08008654   0x00000021   Data   RO         5049    .constdata          system_stm32l0xx.o
    0x08008675   0x00000040   Data   RO         5429    .constdata          mc_p.l(ctype_c.o)
    0x080086b5   0x00000003   PAD
    0x080086b8   0x0000004a   Data   RO          534    .conststring        main.o
    0x08008702   0x00000002   PAD
    0x08008704   0x00000020   Data   RO         5431    Region$$Table       anon$$obj.o


    Execution Region RW_IRAM1 (Base: 0x20000000, Size: 0x00002d50, Max: 0x00005000, ABSOLUTE, COMPRESSED[0x000000f0])

    Base Addr    Size         Type   Attr      Idx    E Section Name        Object

    0x20000000   0x00000064   Data   RW          535    .data               main.o
    0x20000064   0x00000008   Data   RW          671    .data               rs232_task.o
    0x2000006c   0x0000000c   Data   RW          727    .data               lora_task.o
    0x20000078   0x00000004   Data   RW          781    .data               write_task.o
    0x2000007c   0x000002a4   Data   RW          818    .data               data_task.o
    0x20000320   0x00000008   Data   RW          934    .data               rs485_task.o
    0x20000328   0x00000018   Data   RW          980    .data               heap_4.o
    0x20000340   0x00000004   Data   RW         1207    .data               port.o
    0x20000344   0x00000038   Data   RW         1700    .data               tasks.o
    0x2000037c   0x00000004   Data   RW         3929    .data               stm32l0xx_hal.o
    0x20000380   0x00000004   Data   RW         5050    .data               system_stm32l0xx.o
    0x20000384   0x00000004   Data   RW         5398    .data               mc_p.l(stdout.o)
    0x20000388   0x0000009c   Zero   RW            6    .bss                adc.o
    0x20000424   0x000001c0   Zero   RW          245    .bss                usart.o
    0x200005e4   0x00000038   Zero   RW          338    .bss                stm32l0xx_hal_timebase_tim.o
    0x2000061c   0x00000024   Zero   RW          599    .bss                rtc.o
    0x20000640   0x00000300   Zero   RW          670    .bss                rs232_task.o
    0x20000940   0x00000320   Zero   RW          726    .bss                lora_task.o
    0x20000c60   0x00000100   Zero   RW          817    .bss                data_task.o
    0x20000d60   0x00000300   Zero   RW          933    .bss                rs485_task.o
    0x20001060   0x00001800   Zero   RW          979    .bss                heap_4.o
    0x20002860   0x000000f0   Zero   RW         1699    .bss                tasks.o
    0x20002950   0x00000400   Zero   RW         5038    STACK               startup_stm32l071xx.o


==============================================================================

Image component sizes


      Code (inc. data)   RO Data    RW Data    ZI Data      Debug   Object Name

       272         34          0          0        156     342708   adc.o
        92          0          0          0          0        998   adc_task.o
        26          0          0          0          0       5735   cmsis_os.o
      4136        296          0        676        256       8948   data_task.o
        52          4          0          0          0        718   dma.o
         0          0          0          0          0      17660   freertos.o
       256          8          0          0          0        939   gpio.o
       640         60          0         24       6144       5923   heap_4.o
       150          0          0          0          0       3374   list.o
      1044        112          0         12        800       4021   lora_task.o
       698         54         74        100          0       5688   main.o
       402         58          0          4          0       7248   port.o
      1312          0          0          0          0       9362   queue.o
      3524        346          0          8        768       5437   rs232_task.o
       168         28          0          8        768       2178   rs485_task.o
       760        200          0          0         36       2668   rtc.o
        28          8        192          0       1024        600   startup_stm32l071xx.o
        60         14          0          4          0       2496   stm32l0xx_hal.o
      1742         50          0          0          0       8144   stm32l0xx_hal_adc.o
       184          0          0          0          0       1386   stm32l0xx_hal_adc_ex.o
       254         30          0          0          0      11231   stm32l0xx_hal_cortex.o
      1196         14          0          0          0       2180   stm32l0xx_hal_dma.o
       516         32          0          0          0       2260   stm32l0xx_hal_gpio.o
        64          6          0          0          0        462   stm32l0xx_hal_msp.o
        72          8          0          0          0        664   stm32l0xx_hal_pwr.o
      2428        108          0          0          0       6605   stm32l0xx_hal_rcc.o
       548         14          0          0          0       1432   stm32l0xx_hal_rcc_ex.o
      1962         48          0          0          0       8530   stm32l0xx_hal_rtc.o
       608         12          0          0          0       5785   stm32l0xx_hal_tim.o
       124         18          0          0         56       1076   stm32l0xx_hal_timebase_tim.o
      2634         88          0          0          0       8832   stm32l0xx_hal_uart.o
         2          0          0          0          0        976   stm32l0xx_hal_uart_ex.o
       242         48          0          0          0       7188   stm32l0xx_it.o
       104         16         33          4          0       1203   system_stm32l0xx.o
      2480        342          0         56        240      19866   tasks.o
       800         72          0          0        448       4923   usart.o
       276         32          0          4          0       2004   write_task.o

    ----------------------------------------------------------------------
     29886       2160        333        900      10696     521448   Object Totals
         0          0         32          0          0          0   (incl. Generated)
        30          0          2          0          0          0   (incl. Padding)

    ----------------------------------------------------------------------

      Code (inc. data)   RO Data    RW Data    ZI Data      Debug   Library Member Name

        60         10          0          0          0         84   __0sscanf.o
        86          0          0          0          0          0   __dczerorl2.o
        30          0          0          0          0         60   _chval.o
       824         12          0          0          0         84   _scanf.o
       330          0          0          0          0         84   _scanf_int.o
        68          0          0          0          0         76   _sgetc.o
        36          4         64          0          0         60   ctype_c.o
         0          0          0          0          0          0   entry.o
         0          0          0          0          0          0   entry10a.o
         0          0          0          0          0          0   entry11a.o
         8          4          0          0          0          0   entry2.o
         4          0          0          0          0          0   entry5.o
         0          0          0          0          0          0   entry7b.o
         0          0          0          0          0          0   entry8b.o
         8          4          0          0          0          0   entry9a.o
        30          0          0          0          0          0   handlers.o
        40          0          0          0          0         72   idiv.o
        36          8          0          0          0         68   init.o
        14          0          0          0          0         68   isspace_c.o
         0          0          0          0          0          0   iusefp.o
        32          0          0          0          0         68   llshl.o
        38          0          0          0          0         68   llsshr.o
        34          0          0          0          0         68   llushr.o
        36          0          0          0          0         60   memcpya.o
        36          0          0          0          0        100   memseta.o
       930         16          0          0          0        468   printf6.o
        44          8          0          0          0         84   scanf_char.o
         0          0          0          4          0          0   stdout.o
        24          0          0          0          0         60   strcat.o
        14          0          0          0          0         60   strlen.o
        30          0          0          0          0         72   strncmp.o
        44          0          0          0          0         72   uidiv.o
        96          0          0          0          0         84   uldiv.o
        56          0          0          0          0         68   d2f.o
       356          4          0          0          0        140   dadd.o
       240          6          0          0          0         84   ddiv.o
       236          0          0          0          0        216   depilogue.o
        60         10          0          0          0         68   dfixui.o
        28          6          0          0          0         68   dfltul.o
       208          6          0          0          0         88   dmul.o
        40          0          0          0          0         60   f2d.o
       130          0          0          0          0        144   fepilogue.o
        14          0          0          0          0         68   ffltui.o

    ----------------------------------------------------------------------
      4310         98         67          4          0       2924   Library Totals
        10          0          3          0          0          0   (incl. Padding)

    ----------------------------------------------------------------------

      Code (inc. data)   RO Data    RW Data    ZI Data      Debug   Library Name

      2932         66         64          4          0       1920   mc_p.l
      1368         32          0          0          0       1004   mf_p.l

    ----------------------------------------------------------------------
      4310         98         67          4          0       2924   Library Totals

    ----------------------------------------------------------------------

==============================================================================


      Code (inc. data)   RO Data    RW Data    ZI Data      Debug   

     34196       2258        400        904      10696     515304   Grand Totals
     34196       2258        400        240      10696     515304   ELF Image Totals (compressed)
     34196       2258        400        240          0          0   ROM Totals

==============================================================================

    Total RO  Size (Code + RO Data)                34596 (  33.79kB)
    Total RW  Size (RW Data + ZI Data)             11600 (  11.33kB)
    Total ROM Size (Code + RO Data + RW Data)      34836 (  34.02kB)

==============================================================================

